ERROR - 2026-03-20 17:14:46 --> Error connecting to the database: mysqli_sql_exception: Connection refused in /var/www/html/system/Database/MySQLi/Connection.php:201
Stack trace:
#0 /var/www/html/system/Database/MySQLi/Connection.php(201): mysqli->real_connect()
#1 /var/www/html/system/Database/BaseConnection.php(419): CodeIgniter\Database\MySQLi\Connection->connect()
#2 /var/www/html/system/Database/BaseConnection.php(654): CodeIgniter\Database\BaseConnection->initialize()
#3 /var/www/html/system/Database/BaseConnection.php(1565): CodeIgniter\Database\BaseConnection->query()
#4 /var/www/html/system/Database/BaseConnection.php(1585): CodeIgniter\Database\BaseConnection->listTables()
#5 /var/www/html/system/Database/MigrationRunner.php(821): CodeIgniter\Database\BaseConnection->tableExists()
#6 /var/www/html/system/Database/MigrationRunner.php(173): CodeIgniter\Database\MigrationRunner->ensureTable()
#7 /var/www/html/system/Commands/Database/Migrate.php(89): CodeIgniter\Database\MigrationRunner->latest()
#8 /var/www/html/system/CLI/SignalTrait.php(245): CodeIgniter\Commands\Database\Migrate::{closure:CodeIgniter\Commands\Database\Migrate::run():88}()
#9 /var/www/html/system/Commands/Database/Migrate.php(88): CodeIgniter\Commands\Database\Migrate->withSignalsBlocked()
#10 /var/www/html/system/CLI/Commands.php(74): CodeIgniter\Commands\Database\Migrate->run()
#11 /var/www/html/system/CLI/Console.php(47): CodeIgniter\CLI\Commands->run()
#12 /var/www/html/system/Boot.php(442): CodeIgniter\CLI\Console->run()
#13 /var/www/html/system/Boot.php(166): CodeIgniter\Boot::runCommand()
#14 /var/www/html/spark(87): CodeIgniter\Boot::bootSpark()
#15 {main}

Next CodeIgniter\Database\Exceptions\DatabaseException: Connection refused in /var/www/html/system/Database/MySQLi/Connection.php:231
Stack trace:
#0 /var/www/html/system/Database/BaseConnection.php(419): CodeIgniter\Database\MySQLi\Connection->connect()
#1 /var/www/html/system/Database/BaseConnection.php(654): CodeIgniter\Database\BaseConnection->initialize()
#2 /var/www/html/system/Database/BaseConnection.php(1565): CodeIgniter\Database\BaseConnection->query()
#3 /var/www/html/system/Database/BaseConnection.php(1585): CodeIgniter\Database\BaseConnection->listTables()
#4 /var/www/html/system/Database/MigrationRunner.php(821): CodeIgniter\Database\BaseConnection->tableExists()
#5 /var/www/html/system/Database/MigrationRunner.php(173): CodeIgniter\Database\MigrationRunner->ensureTable()
#6 /var/www/html/system/Commands/Database/Migrate.php(89): CodeIgniter\Database\MigrationRunner->latest()
#7 /var/www/html/system/CLI/SignalTrait.php(245): CodeIgniter\Commands\Database\Migrate::{closure:CodeIgniter\Commands\Database\Migrate::run():88}()
#8 /var/www/html/system/Commands/Database/Migrate.php(88): CodeIgniter\Commands\Database\Migrate->withSignalsBlocked()
#9 /var/www/html/system/CLI/Commands.php(74): CodeIgniter\Commands\Database\Migrate->run()
#10 /var/www/html/system/CLI/Console.php(47): CodeIgniter\CLI\Commands->run()
#11 /var/www/html/system/Boot.php(442): CodeIgniter\CLI\Console->run()
#12 /var/www/html/system/Boot.php(166): CodeIgniter\Boot::runCommand()
#13 /var/www/html/spark(87): CodeIgniter\Boot::bootSpark()
#14 {main}
CRITICAL - 2026-03-20 17:50:09 --> CodeIgniter\View\Exceptions\ViewException: Invalid file: "ProductListView.php"
[Method: GET, Route: product-list]
in SYSTEMPATH/Exceptions/FrameworkException.php on line 39.
 1 SYSTEMPATH/View/View.php(226): CodeIgniter\Exceptions\FrameworkException::forInvalidFile()
 2 SYSTEMPATH/Common.php(1250): CodeIgniter\View\View->render()
 3 APPPATH/Controllers/ProductController.php(9): view()
 4 SYSTEMPATH/CodeIgniter.php(951): App\Controllers\ProductController->index()
 5 SYSTEMPATH/CodeIgniter.php(497): CodeIgniter\CodeIgniter->runController()
 6 SYSTEMPATH/CodeIgniter.php(340): CodeIgniter\CodeIgniter->handleRequest()
 7 SYSTEMPATH/Boot.php(417): CodeIgniter\CodeIgniter->run()
 8 SYSTEMPATH/Boot.php(68): CodeIgniter\Boot::runCodeIgniter()
 9 FCPATH/index.php(59): CodeIgniter\Boot::bootWeb()
CRITICAL - 2026-03-20 18:37:38 --> Error: Cannot call constructor
[Method: GET, Route: product-list]
in APPPATH/Controllers/ProductController.php on line 9.
 1 SYSTEMPATH/CodeIgniter.php(921): App\Controllers\ProductController->__construct()
 2 SYSTEMPATH/CodeIgniter.php(488): CodeIgniter\CodeIgniter->createController()
 3 SYSTEMPATH/CodeIgniter.php(340): CodeIgniter\CodeIgniter->handleRequest()
 4 SYSTEMPATH/Boot.php(417): CodeIgniter\CodeIgniter->run()
 5 SYSTEMPATH/Boot.php(68): CodeIgniter\Boot::runCodeIgniter()
 6 FCPATH/index.php(59): CodeIgniter\Boot::bootWeb()
CRITICAL - 2026-03-20 18:38:05 --> ErrorException: Undefined property: App\Controllers\ProductController::$load
[Method: GET, Route: product-list]
in APPPATH/Controllers/ProductController.php on line 9.
 1 APPPATH/Controllers/ProductController.php(9): CodeIgniter\Debug\Exceptions->errorHandler()
 2 SYSTEMPATH/CodeIgniter.php(921): App\Controllers\ProductController->__construct()
 3 SYSTEMPATH/CodeIgniter.php(488): CodeIgniter\CodeIgniter->createController()
 4 SYSTEMPATH/CodeIgniter.php(340): CodeIgniter\CodeIgniter->handleRequest()
 5 SYSTEMPATH/Boot.php(417): CodeIgniter\CodeIgniter->run()
 6 SYSTEMPATH/Boot.php(68): CodeIgniter\Boot::runCodeIgniter()
 7 FCPATH/index.php(59): CodeIgniter\Boot::bootWeb()
CRITICAL - 2026-03-20 18:39:51 --> Error: Class "App\Models\ProductsModel" not found
[Method: GET, Route: product-list]
in APPPATH/Controllers/ProductController.php on line 10.
 1 SYSTEMPATH/CodeIgniter.php(921): App\Controllers\ProductController->__construct()
 2 SYSTEMPATH/CodeIgniter.php(488): CodeIgniter\CodeIgniter->createController()
 3 SYSTEMPATH/CodeIgniter.php(340): CodeIgniter\CodeIgniter->handleRequest()
 4 SYSTEMPATH/Boot.php(417): CodeIgniter\CodeIgniter->run()
 5 SYSTEMPATH/Boot.php(68): CodeIgniter\Boot::runCodeIgniter()
 6 FCPATH/index.php(59): CodeIgniter\Boot::bootWeb()
CRITICAL - 2026-03-20 18:40:08 --> Error: Class "App\Models\Products\ProductsModel" not found
[Method: GET, Route: product-list]
in APPPATH/Controllers/ProductController.php on line 10.
 1 SYSTEMPATH/CodeIgniter.php(921): App\Controllers\ProductController->__construct()
 2 SYSTEMPATH/CodeIgniter.php(488): CodeIgniter\CodeIgniter->createController()
 3 SYSTEMPATH/CodeIgniter.php(340): CodeIgniter\CodeIgniter->handleRequest()
 4 SYSTEMPATH/Boot.php(417): CodeIgniter\CodeIgniter->run()
 5 SYSTEMPATH/Boot.php(68): CodeIgniter\Boot::runCodeIgniter()
 6 FCPATH/index.php(59): CodeIgniter\Boot::bootWeb()
CRITICAL - 2026-03-20 18:40:48 --> Error: Class "App\Models\Products\ProductsModel" not found
[Method: GET, Route: product-list]
in APPPATH/Controllers/ProductController.php on line 10.
 1 SYSTEMPATH/CodeIgniter.php(921): App\Controllers\ProductController->__construct()
 2 SYSTEMPATH/CodeIgniter.php(488): CodeIgniter\CodeIgniter->createController()
 3 SYSTEMPATH/CodeIgniter.php(340): CodeIgniter\CodeIgniter->handleRequest()
 4 SYSTEMPATH/Boot.php(417): CodeIgniter\CodeIgniter->run()
 5 SYSTEMPATH/Boot.php(68): CodeIgniter\Boot::runCodeIgniter()
 6 FCPATH/index.php(59): CodeIgniter\Boot::bootWeb()
CRITICAL - 2026-03-20 18:44:04 --> Error: Class "app\Models\Products\ProductsModel" not found
[Method: GET, Route: product-list]
in APPPATH/Controllers/ProductController.php on line 11.
 1 SYSTEMPATH/CodeIgniter.php(921): App\Controllers\ProductController->__construct()
 2 SYSTEMPATH/CodeIgniter.php(488): CodeIgniter\CodeIgniter->createController()
 3 SYSTEMPATH/CodeIgniter.php(340): CodeIgniter\CodeIgniter->handleRequest()
 4 SYSTEMPATH/Boot.php(417): CodeIgniter\CodeIgniter->run()
 5 SYSTEMPATH/Boot.php(68): CodeIgniter\Boot::runCodeIgniter()
 6 FCPATH/index.php(59): CodeIgniter\Boot::bootWeb()
WARNING - 2026-03-20 18:46:20 --> [DEPRECATED] Creation of dynamic property App\Controllers\ProductController::$productsModel is deprecated in APPPATH/Controllers/ProductController.php on line 9.
 1 SYSTEMPATH/CodeIgniter.php(921): App\Controllers\ProductController->__construct()
 2 SYSTEMPATH/CodeIgniter.php(488): CodeIgniter\CodeIgniter->createController()
 3 SYSTEMPATH/CodeIgniter.php(340): CodeIgniter\CodeIgniter->handleRequest(null, Object(Config\Cache), false)
 4 SYSTEMPATH/Boot.php(417): CodeIgniter\CodeIgniter->run()
 5 SYSTEMPATH/Boot.php(68): CodeIgniter\Boot::runCodeIgniter(Object(CodeIgniter\CodeIgniter))
 6 FCPATH/index.php(59): CodeIgniter\Boot::bootWeb(Object(Config\Paths))
WARNING - 2026-03-20 18:46:20 --> [DEPRECATED] Creation of dynamic property App\Controllers\ProductController::$productsModel is deprecated in APPPATH/Controllers/ProductController.php on line 9.
 1 SYSTEMPATH/CodeIgniter.php(921): App\Controllers\ProductController->__construct()
 2 SYSTEMPATH/CodeIgniter.php(488): CodeIgniter\CodeIgniter->createController()
 3 SYSTEMPATH/CodeIgniter.php(340): CodeIgniter\CodeIgniter->handleRequest(null, Object(Config\Cache), false)
 4 SYSTEMPATH/Boot.php(417): CodeIgniter\CodeIgniter->run()
 5 SYSTEMPATH/Boot.php(68): CodeIgniter\Boot::runCodeIgniter(Object(CodeIgniter\CodeIgniter))
 6 FCPATH/index.php(59): CodeIgniter\Boot::bootWeb(Object(Config\Paths))
CRITICAL - 2026-03-20 18:46:20 --> Error: Call to a member function getProductList() on null
[Method: POST, Route: products/get-product-list]
in APPPATH/Controllers/ProductController.php on line 19.
 1 SYSTEMPATH/CodeIgniter.php(951): App\Controllers\ProductController->getProductList()
 2 SYSTEMPATH/CodeIgniter.php(497): CodeIgniter\CodeIgniter->runController()
 3 SYSTEMPATH/CodeIgniter.php(340): CodeIgniter\CodeIgniter->handleRequest()
 4 SYSTEMPATH/Boot.php(417): CodeIgniter\CodeIgniter->run()
 5 SYSTEMPATH/Boot.php(68): CodeIgniter\Boot::runCodeIgniter()
 6 FCPATH/index.php(59): CodeIgniter\Boot::bootWeb()
WARNING - 2026-03-20 18:47:17 --> [DEPRECATED] Creation of dynamic property App\Controllers\ProductController::$productsModel is deprecated in APPPATH/Controllers/ProductController.php on line 9.
 1 SYSTEMPATH/CodeIgniter.php(921): App\Controllers\ProductController->__construct()
 2 SYSTEMPATH/CodeIgniter.php(488): CodeIgniter\CodeIgniter->createController()
 3 SYSTEMPATH/CodeIgniter.php(340): CodeIgniter\CodeIgniter->handleRequest(null, Object(Config\Cache), false)
 4 SYSTEMPATH/Boot.php(417): CodeIgniter\CodeIgniter->run()
 5 SYSTEMPATH/Boot.php(68): CodeIgniter\Boot::runCodeIgniter(Object(CodeIgniter\CodeIgniter))
 6 FCPATH/index.php(59): CodeIgniter\Boot::bootWeb(Object(Config\Paths))
WARNING - 2026-03-20 18:47:18 --> [DEPRECATED] Creation of dynamic property App\Controllers\ProductController::$productsModel is deprecated in APPPATH/Controllers/ProductController.php on line 9.
 1 SYSTEMPATH/CodeIgniter.php(921): App\Controllers\ProductController->__construct()
 2 SYSTEMPATH/CodeIgniter.php(488): CodeIgniter\CodeIgniter->createController()
 3 SYSTEMPATH/CodeIgniter.php(340): CodeIgniter\CodeIgniter->handleRequest(null, Object(Config\Cache), false)
 4 SYSTEMPATH/Boot.php(417): CodeIgniter\CodeIgniter->run()
 5 SYSTEMPATH/Boot.php(68): CodeIgniter\Boot::runCodeIgniter(Object(CodeIgniter\CodeIgniter))
 6 FCPATH/index.php(59): CodeIgniter\Boot::bootWeb(Object(Config\Paths))
CRITICAL - 2026-03-20 18:47:18 --> Error: Call to a member function getProductList() on null
[Method: POST, Route: products/get-product-list]
in APPPATH/Controllers/ProductController.php on line 19.
 1 SYSTEMPATH/CodeIgniter.php(951): App\Controllers\ProductController->getProductList()
 2 SYSTEMPATH/CodeIgniter.php(497): CodeIgniter\CodeIgniter->runController()
 3 SYSTEMPATH/CodeIgniter.php(340): CodeIgniter\CodeIgniter->handleRequest()
 4 SYSTEMPATH/Boot.php(417): CodeIgniter\CodeIgniter->run()
 5 SYSTEMPATH/Boot.php(68): CodeIgniter\Boot::runCodeIgniter()
 6 FCPATH/index.php(59): CodeIgniter\Boot::bootWeb()
WARNING - 2026-03-20 18:47:58 --> [DEPRECATED] Creation of dynamic property App\Controllers\ProductController::$productsModel is deprecated in APPPATH/Controllers/ProductController.php on line 9.
 1 SYSTEMPATH/CodeIgniter.php(921): App\Controllers\ProductController->__construct()
 2 SYSTEMPATH/CodeIgniter.php(488): CodeIgniter\CodeIgniter->createController()
 3 SYSTEMPATH/CodeIgniter.php(340): CodeIgniter\CodeIgniter->handleRequest(null, Object(Config\Cache), false)
 4 SYSTEMPATH/Boot.php(417): CodeIgniter\CodeIgniter->run()
 5 SYSTEMPATH/Boot.php(68): CodeIgniter\Boot::runCodeIgniter(Object(CodeIgniter\CodeIgniter))
 6 FCPATH/index.php(59): CodeIgniter\Boot::bootWeb(Object(Config\Paths))
WARNING - 2026-03-20 18:47:59 --> [DEPRECATED] Creation of dynamic property App\Controllers\ProductController::$productsModel is deprecated in APPPATH/Controllers/ProductController.php on line 9.
 1 SYSTEMPATH/CodeIgniter.php(921): App\Controllers\ProductController->__construct()
 2 SYSTEMPATH/CodeIgniter.php(488): CodeIgniter\CodeIgniter->createController()
 3 SYSTEMPATH/CodeIgniter.php(340): CodeIgniter\CodeIgniter->handleRequest(null, Object(Config\Cache), false)
 4 SYSTEMPATH/Boot.php(417): CodeIgniter\CodeIgniter->run()
 5 SYSTEMPATH/Boot.php(68): CodeIgniter\Boot::runCodeIgniter(Object(CodeIgniter\CodeIgniter))
 6 FCPATH/index.php(59): CodeIgniter\Boot::bootWeb(Object(Config\Paths))
CRITICAL - 2026-03-20 18:47:59 --> ErrorException: Undefined variable $response
[Method: POST, Route: products/get-product-list]
in APPPATH/Controllers/ProductController.php on line 20.
 1 APPPATH/Controllers/ProductController.php(20): CodeIgniter\Debug\Exceptions->errorHandler()
 2 SYSTEMPATH/CodeIgniter.php(951): App\Controllers\ProductController->getProductList()
 3 SYSTEMPATH/CodeIgniter.php(497): CodeIgniter\CodeIgniter->runController()
 4 SYSTEMPATH/CodeIgniter.php(340): CodeIgniter\CodeIgniter->handleRequest()
 5 SYSTEMPATH/Boot.php(417): CodeIgniter\CodeIgniter->run()
 6 SYSTEMPATH/Boot.php(68): CodeIgniter\Boot::runCodeIgniter()
 7 FCPATH/index.php(59): CodeIgniter\Boot::bootWeb()
WARNING - 2026-03-20 18:48:15 --> [DEPRECATED] Creation of dynamic property App\Controllers\ProductController::$productsModel is deprecated in APPPATH/Controllers/ProductController.php on line 9.
 1 SYSTEMPATH/CodeIgniter.php(921): App\Controllers\ProductController->__construct()
 2 SYSTEMPATH/CodeIgniter.php(488): CodeIgniter\CodeIgniter->createController()
 3 SYSTEMPATH/CodeIgniter.php(340): CodeIgniter\CodeIgniter->handleRequest(null, Object(Config\Cache), false)
 4 SYSTEMPATH/Boot.php(417): CodeIgniter\CodeIgniter->run()
 5 SYSTEMPATH/Boot.php(68): CodeIgniter\Boot::runCodeIgniter(Object(CodeIgniter\CodeIgniter))
 6 FCPATH/index.php(59): CodeIgniter\Boot::bootWeb(Object(Config\Paths))
WARNING - 2026-03-20 18:48:16 --> [DEPRECATED] Creation of dynamic property App\Controllers\ProductController::$productsModel is deprecated in APPPATH/Controllers/ProductController.php on line 9.
 1 SYSTEMPATH/CodeIgniter.php(921): App\Controllers\ProductController->__construct()
 2 SYSTEMPATH/CodeIgniter.php(488): CodeIgniter\CodeIgniter->createController()
 3 SYSTEMPATH/CodeIgniter.php(340): CodeIgniter\CodeIgniter->handleRequest(null, Object(Config\Cache), false)
 4 SYSTEMPATH/Boot.php(417): CodeIgniter\CodeIgniter->run()
 5 SYSTEMPATH/Boot.php(68): CodeIgniter\Boot::runCodeIgniter(Object(CodeIgniter\CodeIgniter))
 6 FCPATH/index.php(59): CodeIgniter\Boot::bootWeb(Object(Config\Paths))
CRITICAL - 2026-03-20 18:48:16 --> Error: Call to a member function getProductList() on null
[Method: POST, Route: products/get-product-list]
in APPPATH/Controllers/ProductController.php on line 19.
 1 SYSTEMPATH/CodeIgniter.php(951): App\Controllers\ProductController->getProductList()
 2 SYSTEMPATH/CodeIgniter.php(497): CodeIgniter\CodeIgniter->runController()
 3 SYSTEMPATH/CodeIgniter.php(340): CodeIgniter\CodeIgniter->handleRequest()
 4 SYSTEMPATH/Boot.php(417): CodeIgniter\CodeIgniter->run()
 5 SYSTEMPATH/Boot.php(68): CodeIgniter\Boot::runCodeIgniter()
 6 FCPATH/index.php(59): CodeIgniter\Boot::bootWeb()
WARNING - 2026-03-20 18:51:02 --> [DEPRECATED] Creation of dynamic property App\Controllers\ProductController::$productsModel is deprecated in APPPATH/Controllers/ProductController.php on line 9.
 1 SYSTEMPATH/CodeIgniter.php(921): App\Controllers\ProductController->__construct()
 2 SYSTEMPATH/CodeIgniter.php(488): CodeIgniter\CodeIgniter->createController()
 3 SYSTEMPATH/CodeIgniter.php(340): CodeIgniter\CodeIgniter->handleRequest(null, Object(Config\Cache), false)
 4 SYSTEMPATH/Boot.php(417): CodeIgniter\CodeIgniter->run()
 5 SYSTEMPATH/Boot.php(68): CodeIgniter\Boot::runCodeIgniter(Object(CodeIgniter\CodeIgniter))
 6 FCPATH/index.php(59): CodeIgniter\Boot::bootWeb(Object(Config\Paths))
WARNING - 2026-03-20 18:51:03 --> [DEPRECATED] Creation of dynamic property App\Controllers\ProductController::$productsModel is deprecated in APPPATH/Controllers/ProductController.php on line 9.
 1 SYSTEMPATH/CodeIgniter.php(921): App\Controllers\ProductController->__construct()
 2 SYSTEMPATH/CodeIgniter.php(488): CodeIgniter\CodeIgniter->createController()
 3 SYSTEMPATH/CodeIgniter.php(340): CodeIgniter\CodeIgniter->handleRequest(null, Object(Config\Cache), false)
 4 SYSTEMPATH/Boot.php(417): CodeIgniter\CodeIgniter->run()
 5 SYSTEMPATH/Boot.php(68): CodeIgniter\Boot::runCodeIgniter(Object(CodeIgniter\CodeIgniter))
 6 FCPATH/index.php(59): CodeIgniter\Boot::bootWeb(Object(Config\Paths))
WARNING - 2026-03-20 18:51:38 --> [DEPRECATED] Creation of dynamic property App\Controllers\ProductController::$productsModel is deprecated in APPPATH/Controllers/ProductController.php on line 9.
 1 SYSTEMPATH/CodeIgniter.php(921): App\Controllers\ProductController->__construct()
 2 SYSTEMPATH/CodeIgniter.php(488): CodeIgniter\CodeIgniter->createController()
 3 SYSTEMPATH/CodeIgniter.php(340): CodeIgniter\CodeIgniter->handleRequest(null, Object(Config\Cache), false)
 4 SYSTEMPATH/Boot.php(417): CodeIgniter\CodeIgniter->run()
 5 SYSTEMPATH/Boot.php(68): CodeIgniter\Boot::runCodeIgniter(Object(CodeIgniter\CodeIgniter))
 6 FCPATH/index.php(59): CodeIgniter\Boot::bootWeb(Object(Config\Paths))
WARNING - 2026-03-20 18:51:38 --> [DEPRECATED] Creation of dynamic property App\Controllers\ProductController::$productsModel is deprecated in APPPATH/Controllers/ProductController.php on line 9.
 1 SYSTEMPATH/CodeIgniter.php(921): App\Controllers\ProductController->__construct()
 2 SYSTEMPATH/CodeIgniter.php(488): CodeIgniter\CodeIgniter->createController()
 3 SYSTEMPATH/CodeIgniter.php(340): CodeIgniter\CodeIgniter->handleRequest(null, Object(Config\Cache), false)
 4 SYSTEMPATH/Boot.php(417): CodeIgniter\CodeIgniter->run()
 5 SYSTEMPATH/Boot.php(68): CodeIgniter\Boot::runCodeIgniter(Object(CodeIgniter\CodeIgniter))
 6 FCPATH/index.php(59): CodeIgniter\Boot::bootWeb(Object(Config\Paths))
ERROR - 2026-03-20 18:51:38 --> Error connecting to the database: mysqli_sql_exception: Access denied for user 'db'@'%' to database 'jadelyn_pharmacy' in /var/www/html/system/Database/MySQLi/Connection.php:201
Stack trace:
#0 /var/www/html/system/Database/MySQLi/Connection.php(201): mysqli->real_connect()
#1 /var/www/html/system/Database/BaseConnection.php(419): CodeIgniter\Database\MySQLi\Connection->connect()
#2 /var/www/html/app/Controllers/ProductController.php(21): CodeIgniter\Database\BaseConnection->initialize()
#3 /var/www/html/system/CodeIgniter.php(951): App\Controllers\ProductController->getProductList()
#4 /var/www/html/system/CodeIgniter.php(497): CodeIgniter\CodeIgniter->runController()
#5 /var/www/html/system/CodeIgniter.php(340): CodeIgniter\CodeIgniter->handleRequest()
#6 /var/www/html/system/Boot.php(417): CodeIgniter\CodeIgniter->run()
#7 /var/www/html/system/Boot.php(68): CodeIgniter\Boot::runCodeIgniter()
#8 /var/www/html/public/index.php(59): CodeIgniter\Boot::bootWeb()
#9 {main}

Next CodeIgniter\Database\Exceptions\DatabaseException: Access denied for user '****'@'%' to database 'jadelyn_pharmacy' in /var/www/html/system/Database/MySQLi/Connection.php:231
Stack trace:
#0 /var/www/html/system/Database/BaseConnection.php(419): CodeIgniter\Database\MySQLi\Connection->connect()
#1 /var/www/html/app/Controllers/ProductController.php(21): CodeIgniter\Database\BaseConnection->initialize()
#2 /var/www/html/system/CodeIgniter.php(951): App\Controllers\ProductController->getProductList()
#3 /var/www/html/system/CodeIgniter.php(497): CodeIgniter\CodeIgniter->runController()
#4 /var/www/html/system/CodeIgniter.php(340): CodeIgniter\CodeIgniter->handleRequest()
#5 /var/www/html/system/Boot.php(417): CodeIgniter\CodeIgniter->run()
#6 /var/www/html/system/Boot.php(68): CodeIgniter\Boot::runCodeIgniter()
#7 /var/www/html/public/index.php(59): CodeIgniter\Boot::bootWeb()
#8 {main}
WARNING - 2026-03-20 18:51:58 --> [DEPRECATED] Creation of dynamic property App\Controllers\ProductController::$productsModel is deprecated in APPPATH/Controllers/ProductController.php on line 9.
 1 SYSTEMPATH/CodeIgniter.php(921): App\Controllers\ProductController->__construct()
 2 SYSTEMPATH/CodeIgniter.php(488): CodeIgniter\CodeIgniter->createController()
 3 SYSTEMPATH/CodeIgniter.php(340): CodeIgniter\CodeIgniter->handleRequest(null, Object(Config\Cache), false)
 4 SYSTEMPATH/Boot.php(417): CodeIgniter\CodeIgniter->run()
 5 SYSTEMPATH/Boot.php(68): CodeIgniter\Boot::runCodeIgniter(Object(CodeIgniter\CodeIgniter))
 6 FCPATH/index.php(59): CodeIgniter\Boot::bootWeb(Object(Config\Paths))
WARNING - 2026-03-20 18:51:59 --> [DEPRECATED] Creation of dynamic property App\Controllers\ProductController::$productsModel is deprecated in APPPATH/Controllers/ProductController.php on line 9.
 1 SYSTEMPATH/CodeIgniter.php(921): App\Controllers\ProductController->__construct()
 2 SYSTEMPATH/CodeIgniter.php(488): CodeIgniter\CodeIgniter->createController()
 3 SYSTEMPATH/CodeIgniter.php(340): CodeIgniter\CodeIgniter->handleRequest(null, Object(Config\Cache), false)
 4 SYSTEMPATH/Boot.php(417): CodeIgniter\CodeIgniter->run()
 5 SYSTEMPATH/Boot.php(68): CodeIgniter\Boot::runCodeIgniter(Object(CodeIgniter\CodeIgniter))
 6 FCPATH/index.php(59): CodeIgniter\Boot::bootWeb(Object(Config\Paths))
WARNING - 2026-03-20 18:52:48 --> [DEPRECATED] Creation of dynamic property App\Controllers\ProductController::$productsModel is deprecated in APPPATH/Controllers/ProductController.php on line 9.
 1 SYSTEMPATH/CodeIgniter.php(921): App\Controllers\ProductController->__construct()
 2 SYSTEMPATH/CodeIgniter.php(488): CodeIgniter\CodeIgniter->createController()
 3 SYSTEMPATH/CodeIgniter.php(340): CodeIgniter\CodeIgniter->handleRequest(null, Object(Config\Cache), false)
 4 SYSTEMPATH/Boot.php(417): CodeIgniter\CodeIgniter->run()
 5 SYSTEMPATH/Boot.php(68): CodeIgniter\Boot::runCodeIgniter(Object(CodeIgniter\CodeIgniter))
 6 FCPATH/index.php(59): CodeIgniter\Boot::bootWeb(Object(Config\Paths))
WARNING - 2026-03-20 18:52:49 --> [DEPRECATED] Creation of dynamic property App\Controllers\ProductController::$productsModel is deprecated in APPPATH/Controllers/ProductController.php on line 9.
 1 SYSTEMPATH/CodeIgniter.php(921): App\Controllers\ProductController->__construct()
 2 SYSTEMPATH/CodeIgniter.php(488): CodeIgniter\CodeIgniter->createController()
 3 SYSTEMPATH/CodeIgniter.php(340): CodeIgniter\CodeIgniter->handleRequest(null, Object(Config\Cache), false)
 4 SYSTEMPATH/Boot.php(417): CodeIgniter\CodeIgniter->run()
 5 SYSTEMPATH/Boot.php(68): CodeIgniter\Boot::runCodeIgniter(Object(CodeIgniter\CodeIgniter))
 6 FCPATH/index.php(59): CodeIgniter\Boot::bootWeb(Object(Config\Paths))
CRITICAL - 2026-03-20 18:52:49 --> Error: Call to a member function getProductList() on null
[Method: POST, Route: products/get-product-list]
in APPPATH/Controllers/ProductController.php on line 19.
 1 SYSTEMPATH/CodeIgniter.php(951): App\Controllers\ProductController->getProductList()
 2 SYSTEMPATH/CodeIgniter.php(497): CodeIgniter\CodeIgniter->runController()
 3 SYSTEMPATH/CodeIgniter.php(340): CodeIgniter\CodeIgniter->handleRequest()
 4 SYSTEMPATH/Boot.php(417): CodeIgniter\CodeIgniter->run()
 5 SYSTEMPATH/Boot.php(68): CodeIgniter\Boot::runCodeIgniter()
 6 FCPATH/index.php(59): CodeIgniter\Boot::bootWeb()
WARNING - 2026-03-20 18:53:22 --> [DEPRECATED] Creation of dynamic property App\Controllers\ProductController::$productsModel is deprecated in APPPATH/Controllers/ProductController.php on line 9.
 1 SYSTEMPATH/CodeIgniter.php(921): App\Controllers\ProductController->__construct()
 2 SYSTEMPATH/CodeIgniter.php(488): CodeIgniter\CodeIgniter->createController()
 3 SYSTEMPATH/CodeIgniter.php(340): CodeIgniter\CodeIgniter->handleRequest(null, Object(Config\Cache), false)
 4 SYSTEMPATH/Boot.php(417): CodeIgniter\CodeIgniter->run()
 5 SYSTEMPATH/Boot.php(68): CodeIgniter\Boot::runCodeIgniter(Object(CodeIgniter\CodeIgniter))
 6 FCPATH/index.php(59): CodeIgniter\Boot::bootWeb(Object(Config\Paths))
WARNING - 2026-03-20 18:53:22 --> [DEPRECATED] Creation of dynamic property App\Controllers\ProductController::$productsModel is deprecated in APPPATH/Controllers/ProductController.php on line 9.
 1 SYSTEMPATH/CodeIgniter.php(921): App\Controllers\ProductController->__construct()
 2 SYSTEMPATH/CodeIgniter.php(488): CodeIgniter\CodeIgniter->createController()
 3 SYSTEMPATH/CodeIgniter.php(340): CodeIgniter\CodeIgniter->handleRequest(null, Object(Config\Cache), false)
 4 SYSTEMPATH/Boot.php(417): CodeIgniter\CodeIgniter->run()
 5 SYSTEMPATH/Boot.php(68): CodeIgniter\Boot::runCodeIgniter(Object(CodeIgniter\CodeIgniter))
 6 FCPATH/index.php(59): CodeIgniter\Boot::bootWeb(Object(Config\Paths))
CRITICAL - 2026-03-20 18:53:22 --> Error: Call to a member function getProductList() on null
[Method: POST, Route: products/get-product-list]
in APPPATH/Controllers/ProductController.php on line 19.
 1 SYSTEMPATH/CodeIgniter.php(951): App\Controllers\ProductController->getProductList()
 2 SYSTEMPATH/CodeIgniter.php(497): CodeIgniter\CodeIgniter->runController()
 3 SYSTEMPATH/CodeIgniter.php(340): CodeIgniter\CodeIgniter->handleRequest()
 4 SYSTEMPATH/Boot.php(417): CodeIgniter\CodeIgniter->run()
 5 SYSTEMPATH/Boot.php(68): CodeIgniter\Boot::runCodeIgniter()
 6 FCPATH/index.php(59): CodeIgniter\Boot::bootWeb()
WARNING - 2026-03-20 18:53:36 --> [DEPRECATED] Creation of dynamic property App\Controllers\ProductController::$productsModel is deprecated in APPPATH/Controllers/ProductController.php on line 9.
 1 SYSTEMPATH/CodeIgniter.php(921): App\Controllers\ProductController->__construct()
 2 SYSTEMPATH/CodeIgniter.php(488): CodeIgniter\CodeIgniter->createController()
 3 SYSTEMPATH/CodeIgniter.php(340): CodeIgniter\CodeIgniter->handleRequest(null, Object(Config\Cache), false)
 4 SYSTEMPATH/Boot.php(417): CodeIgniter\CodeIgniter->run()
 5 SYSTEMPATH/Boot.php(68): CodeIgniter\Boot::runCodeIgniter(Object(CodeIgniter\CodeIgniter))
 6 FCPATH/index.php(59): CodeIgniter\Boot::bootWeb(Object(Config\Paths))
WARNING - 2026-03-20 18:53:36 --> [DEPRECATED] Creation of dynamic property App\Controllers\ProductController::$productsModel is deprecated in APPPATH/Controllers/ProductController.php on line 9.
 1 SYSTEMPATH/CodeIgniter.php(921): App\Controllers\ProductController->__construct()
 2 SYSTEMPATH/CodeIgniter.php(488): CodeIgniter\CodeIgniter->createController()
 3 SYSTEMPATH/CodeIgniter.php(340): CodeIgniter\CodeIgniter->handleRequest(null, Object(Config\Cache), false)
 4 SYSTEMPATH/Boot.php(417): CodeIgniter\CodeIgniter->run()
 5 SYSTEMPATH/Boot.php(68): CodeIgniter\Boot::runCodeIgniter(Object(CodeIgniter\CodeIgniter))
 6 FCPATH/index.php(59): CodeIgniter\Boot::bootWeb(Object(Config\Paths))
CRITICAL - 2026-03-20 18:53:36 --> Error: Call to a member function getProductList() on null
[Method: POST, Route: products/get-product-list]
in APPPATH/Controllers/ProductController.php on line 19.
 1 SYSTEMPATH/CodeIgniter.php(951): App\Controllers\ProductController->getProductList()
 2 SYSTEMPATH/CodeIgniter.php(497): CodeIgniter\CodeIgniter->runController()
 3 SYSTEMPATH/CodeIgniter.php(340): CodeIgniter\CodeIgniter->handleRequest()
 4 SYSTEMPATH/Boot.php(417): CodeIgniter\CodeIgniter->run()
 5 SYSTEMPATH/Boot.php(68): CodeIgniter\Boot::runCodeIgniter()
 6 FCPATH/index.php(59): CodeIgniter\Boot::bootWeb()
CRITICAL - 2026-03-20 18:54:49 --> Error: Cannot call constructor
[Method: GET, Route: product-list]
in APPPATH/Controllers/ProductController.php on line 9.
 1 SYSTEMPATH/CodeIgniter.php(921): App\Controllers\ProductController->__construct()
 2 SYSTEMPATH/CodeIgniter.php(488): CodeIgniter\CodeIgniter->createController()
 3 SYSTEMPATH/CodeIgniter.php(340): CodeIgniter\CodeIgniter->handleRequest()
 4 SYSTEMPATH/Boot.php(417): CodeIgniter\CodeIgniter->run()
 5 SYSTEMPATH/Boot.php(68): CodeIgniter\Boot::runCodeIgniter()
 6 FCPATH/index.php(59): CodeIgniter\Boot::bootWeb()
CRITICAL - 2026-03-20 18:57:02 --> Error: Class "App\Models\Products\ProductsModel" not found
[Method: GET, Route: product-list]
in APPPATH/Controllers/ProductController.php on line 9.
 1 SYSTEMPATH/CodeIgniter.php(921): App\Controllers\ProductController->__construct()
 2 SYSTEMPATH/CodeIgniter.php(488): CodeIgniter\CodeIgniter->createController()
 3 SYSTEMPATH/CodeIgniter.php(340): CodeIgniter\CodeIgniter->handleRequest()
 4 SYSTEMPATH/Boot.php(417): CodeIgniter\CodeIgniter->run()
 5 SYSTEMPATH/Boot.php(68): CodeIgniter\Boot::runCodeIgniter()
 6 FCPATH/index.php(59): CodeIgniter\Boot::bootWeb()
CRITICAL - 2026-03-20 18:58:35 --> Error: Class "App\Models\Products\ProductsModel" not found
[Method: GET, Route: product-list]
in APPPATH/Controllers/ProductController.php on line 11.
 1 SYSTEMPATH/CodeIgniter.php(921): App\Controllers\ProductController->__construct()
 2 SYSTEMPATH/CodeIgniter.php(488): CodeIgniter\CodeIgniter->createController()
 3 SYSTEMPATH/CodeIgniter.php(340): CodeIgniter\CodeIgniter->handleRequest()
 4 SYSTEMPATH/Boot.php(417): CodeIgniter\CodeIgniter->run()
 5 SYSTEMPATH/Boot.php(68): CodeIgniter\Boot::runCodeIgniter()
 6 FCPATH/index.php(59): CodeIgniter\Boot::bootWeb()
CRITICAL - 2026-03-20 18:59:02 --> Error: Class "app\Models\Products\ProductsModel" not found
[Method: GET, Route: product-list]
in APPPATH/Controllers/ProductController.php on line 11.
 1 SYSTEMPATH/CodeIgniter.php(921): App\Controllers\ProductController->__construct()
 2 SYSTEMPATH/CodeIgniter.php(488): CodeIgniter\CodeIgniter->createController()
 3 SYSTEMPATH/CodeIgniter.php(340): CodeIgniter\CodeIgniter->handleRequest()
 4 SYSTEMPATH/Boot.php(417): CodeIgniter\CodeIgniter->run()
 5 SYSTEMPATH/Boot.php(68): CodeIgniter\Boot::runCodeIgniter()
 6 FCPATH/index.php(59): CodeIgniter\Boot::bootWeb()
CRITICAL - 2026-03-20 18:59:03 --> Error: Class "app\Models\Products\ProductsModel" not found
[Method: GET, Route: product-list]
in APPPATH/Controllers/ProductController.php on line 11.
 1 SYSTEMPATH/CodeIgniter.php(921): App\Controllers\ProductController->__construct()
 2 SYSTEMPATH/CodeIgniter.php(488): CodeIgniter\CodeIgniter->createController()
 3 SYSTEMPATH/CodeIgniter.php(340): CodeIgniter\CodeIgniter->handleRequest()
 4 SYSTEMPATH/Boot.php(417): CodeIgniter\CodeIgniter->run()
 5 SYSTEMPATH/Boot.php(68): CodeIgniter\Boot::runCodeIgniter()
 6 FCPATH/index.php(59): CodeIgniter\Boot::bootWeb()
CRITICAL - 2026-03-20 18:59:09 --> Error: Class "App\Models\Products\ProductsModel" not found
[Method: GET, Route: product-list]
in APPPATH/Controllers/ProductController.php on line 11.
 1 SYSTEMPATH/CodeIgniter.php(921): App\Controllers\ProductController->__construct()
 2 SYSTEMPATH/CodeIgniter.php(488): CodeIgniter\CodeIgniter->createController()
 3 SYSTEMPATH/CodeIgniter.php(340): CodeIgniter\CodeIgniter->handleRequest()
 4 SYSTEMPATH/Boot.php(417): CodeIgniter\CodeIgniter->run()
 5 SYSTEMPATH/Boot.php(68): CodeIgniter\Boot::runCodeIgniter()
 6 FCPATH/index.php(59): CodeIgniter\Boot::bootWeb()
CRITICAL - 2026-03-20 18:59:10 --> Error: Class "App\Models\Products\ProductsModel" not found
[Method: GET, Route: product-list]
in APPPATH/Controllers/ProductController.php on line 11.
 1 SYSTEMPATH/CodeIgniter.php(921): App\Controllers\ProductController->__construct()
 2 SYSTEMPATH/CodeIgniter.php(488): CodeIgniter\CodeIgniter->createController()
 3 SYSTEMPATH/CodeIgniter.php(340): CodeIgniter\CodeIgniter->handleRequest()
 4 SYSTEMPATH/Boot.php(417): CodeIgniter\CodeIgniter->run()
 5 SYSTEMPATH/Boot.php(68): CodeIgniter\Boot::runCodeIgniter()
 6 FCPATH/index.php(59): CodeIgniter\Boot::bootWeb()
CRITICAL - 2026-03-20 19:03:28 --> Error: Class "App\Models\BaseController" not found
[Method: GET, Route: product-list]
in APPPATH/Controllers/ProductController.php on line 7.
 1 SYSTEMPATH/Autoloader/Autoloader.php(315): include_once()
 2 SYSTEMPATH/Autoloader/Autoloader.php(295): CodeIgniter\Autoloader\Autoloader->includeFile()
 3 SYSTEMPATH/Autoloader/Autoloader.php(271): CodeIgniter\Autoloader\Autoloader->loadInNamespace()
 4 [internal function]: CodeIgniter\Autoloader\Autoloader->loadClass()
 5 SYSTEMPATH/Router/Router.php(792): class_exists()
 6 SYSTEMPATH/Router/Router.php(230): CodeIgniter\Router\Router->processRouteAttributes()
 7 SYSTEMPATH/CodeIgniter.php(829): CodeIgniter\Router\Router->handle()
 8 SYSTEMPATH/CodeIgniter.php(441): CodeIgniter\CodeIgniter->tryToRouteIt()
 9 SYSTEMPATH/CodeIgniter.php(340): CodeIgniter\CodeIgniter->handleRequest()
10 SYSTEMPATH/Boot.php(417): CodeIgniter\CodeIgniter->run()
11 SYSTEMPATH/Boot.php(68): CodeIgniter\Boot::runCodeIgniter()
12 FCPATH/index.php(59): CodeIgniter\Boot::bootWeb()
CRITICAL - 2026-03-20 19:03:37 --> Error: Class "App\Models\Products\ProductsModel" not found
[Method: GET, Route: product-list]
in APPPATH/Controllers/ProductController.php on line 11.
 1 SYSTEMPATH/CodeIgniter.php(921): App\Controllers\ProductController->__construct()
 2 SYSTEMPATH/CodeIgniter.php(488): CodeIgniter\CodeIgniter->createController()
 3 SYSTEMPATH/CodeIgniter.php(340): CodeIgniter\CodeIgniter->handleRequest()
 4 SYSTEMPATH/Boot.php(417): CodeIgniter\CodeIgniter->run()
 5 SYSTEMPATH/Boot.php(68): CodeIgniter\Boot::runCodeIgniter()
 6 FCPATH/index.php(59): CodeIgniter\Boot::bootWeb()
CRITICAL - 2026-03-20 19:04:52 --> Error: Class "App\Products\Models\BaseModel" not found
[Method: GET, Route: product-list]
in APPPATH/Models/Products/ProductsModel.php on line 5.
 1 SYSTEMPATH/Autoloader/Autoloader.php(315): include_once()
 2 SYSTEMPATH/Autoloader/Autoloader.php(295): CodeIgniter\Autoloader\Autoloader->includeFile()
 3 SYSTEMPATH/Autoloader/Autoloader.php(271): CodeIgniter\Autoloader\Autoloader->loadInNamespace()
 4 APPPATH/Controllers/ProductController.php(11): CodeIgniter\Autoloader\Autoloader->loadClass()
 5 SYSTEMPATH/CodeIgniter.php(921): App\Controllers\ProductController->__construct()
 6 SYSTEMPATH/CodeIgniter.php(488): CodeIgniter\CodeIgniter->createController()
 7 SYSTEMPATH/CodeIgniter.php(340): CodeIgniter\CodeIgniter->handleRequest()
 8 SYSTEMPATH/Boot.php(417): CodeIgniter\CodeIgniter->run()
 9 SYSTEMPATH/Boot.php(68): CodeIgniter\Boot::runCodeIgniter()
10 FCPATH/index.php(59): CodeIgniter\Boot::bootWeb()
CRITICAL - 2026-03-20 19:05:32 --> Error: Class "App\Products\Models\BaseModel" not found
[Method: GET, Route: product-list]
in APPPATH/Models/Products/ProductsModel.php on line 7.
 1 SYSTEMPATH/Autoloader/Autoloader.php(315): include_once()
 2 SYSTEMPATH/Autoloader/Autoloader.php(295): CodeIgniter\Autoloader\Autoloader->includeFile()
 3 SYSTEMPATH/Autoloader/Autoloader.php(271): CodeIgniter\Autoloader\Autoloader->loadInNamespace()
 4 APPPATH/Controllers/ProductController.php(11): CodeIgniter\Autoloader\Autoloader->loadClass()
 5 SYSTEMPATH/CodeIgniter.php(921): App\Controllers\ProductController->__construct()
 6 SYSTEMPATH/CodeIgniter.php(488): CodeIgniter\CodeIgniter->createController()
 7 SYSTEMPATH/CodeIgniter.php(340): CodeIgniter\CodeIgniter->handleRequest()
 8 SYSTEMPATH/Boot.php(417): CodeIgniter\CodeIgniter->run()
 9 SYSTEMPATH/Boot.php(68): CodeIgniter\Boot::runCodeIgniter()
10 FCPATH/index.php(59): CodeIgniter\Boot::bootWeb()
CRITICAL - 2026-03-20 19:05:40 --> Error: Class "App\Models\Products\ProductsModel" not found
[Method: GET, Route: product-list]
in APPPATH/Controllers/ProductController.php on line 11.
 1 SYSTEMPATH/CodeIgniter.php(921): App\Controllers\ProductController->__construct()
 2 SYSTEMPATH/CodeIgniter.php(488): CodeIgniter\CodeIgniter->createController()
 3 SYSTEMPATH/CodeIgniter.php(340): CodeIgniter\CodeIgniter->handleRequest()
 4 SYSTEMPATH/Boot.php(417): CodeIgniter\CodeIgniter->run()
 5 SYSTEMPATH/Boot.php(68): CodeIgniter\Boot::runCodeIgniter()
 6 FCPATH/index.php(59): CodeIgniter\Boot::bootWeb()
WARNING - 2026-03-20 19:07:17 --> [DEPRECATED] Creation of dynamic property App\Controllers\ProductController::$productsModel is deprecated in APPPATH/Controllers/ProductController.php on line 11.
 1 SYSTEMPATH/CodeIgniter.php(921): App\Controllers\ProductController->__construct()
 2 SYSTEMPATH/CodeIgniter.php(488): CodeIgniter\CodeIgniter->createController()
 3 SYSTEMPATH/CodeIgniter.php(340): CodeIgniter\CodeIgniter->handleRequest(null, Object(Config\Cache), false)
 4 SYSTEMPATH/Boot.php(417): CodeIgniter\CodeIgniter->run()
 5 SYSTEMPATH/Boot.php(68): CodeIgniter\Boot::runCodeIgniter(Object(CodeIgniter\CodeIgniter))
 6 FCPATH/index.php(59): CodeIgniter\Boot::bootWeb(Object(Config\Paths))
WARNING - 2026-03-20 19:07:18 --> [DEPRECATED] Creation of dynamic property App\Controllers\ProductController::$productsModel is deprecated in APPPATH/Controllers/ProductController.php on line 11.
 1 SYSTEMPATH/CodeIgniter.php(921): App\Controllers\ProductController->__construct()
 2 SYSTEMPATH/CodeIgniter.php(488): CodeIgniter\CodeIgniter->createController()
 3 SYSTEMPATH/CodeIgniter.php(340): CodeIgniter\CodeIgniter->handleRequest(null, Object(Config\Cache), false)
 4 SYSTEMPATH/Boot.php(417): CodeIgniter\CodeIgniter->run()
 5 SYSTEMPATH/Boot.php(68): CodeIgniter\Boot::runCodeIgniter(Object(CodeIgniter\CodeIgniter))
 6 FCPATH/index.php(59): CodeIgniter\Boot::bootWeb(Object(Config\Paths))
WARNING - 2026-03-20 19:07:36 --> [DEPRECATED] Creation of dynamic property App\Controllers\ProductController::$productsModel is deprecated in APPPATH/Controllers/ProductController.php on line 11.
 1 SYSTEMPATH/CodeIgniter.php(921): App\Controllers\ProductController->__construct()
 2 SYSTEMPATH/CodeIgniter.php(488): CodeIgniter\CodeIgniter->createController()
 3 SYSTEMPATH/CodeIgniter.php(340): CodeIgniter\CodeIgniter->handleRequest(null, Object(Config\Cache), false)
 4 SYSTEMPATH/Boot.php(417): CodeIgniter\CodeIgniter->run()
 5 SYSTEMPATH/Boot.php(68): CodeIgniter\Boot::runCodeIgniter(Object(CodeIgniter\CodeIgniter))
 6 FCPATH/index.php(59): CodeIgniter\Boot::bootWeb(Object(Config\Paths))
WARNING - 2026-03-20 19:07:37 --> [DEPRECATED] Creation of dynamic property App\Controllers\ProductController::$productsModel is deprecated in APPPATH/Controllers/ProductController.php on line 11.
 1 SYSTEMPATH/CodeIgniter.php(921): App\Controllers\ProductController->__construct()
 2 SYSTEMPATH/CodeIgniter.php(488): CodeIgniter\CodeIgniter->createController()
 3 SYSTEMPATH/CodeIgniter.php(340): CodeIgniter\CodeIgniter->handleRequest(null, Object(Config\Cache), false)
 4 SYSTEMPATH/Boot.php(417): CodeIgniter\CodeIgniter->run()
 5 SYSTEMPATH/Boot.php(68): CodeIgniter\Boot::runCodeIgniter(Object(CodeIgniter\CodeIgniter))
 6 FCPATH/index.php(59): CodeIgniter\Boot::bootWeb(Object(Config\Paths))
WARNING - 2026-03-20 19:07:58 --> [DEPRECATED] Creation of dynamic property App\Controllers\ProductController::$productsModel is deprecated in APPPATH/Controllers/ProductController.php on line 11.
 1 SYSTEMPATH/CodeIgniter.php(921): App\Controllers\ProductController->__construct()
 2 SYSTEMPATH/CodeIgniter.php(488): CodeIgniter\CodeIgniter->createController()
 3 SYSTEMPATH/CodeIgniter.php(340): CodeIgniter\CodeIgniter->handleRequest(null, Object(Config\Cache), false)
 4 SYSTEMPATH/Boot.php(417): CodeIgniter\CodeIgniter->run()
 5 SYSTEMPATH/Boot.php(68): CodeIgniter\Boot::runCodeIgniter(Object(CodeIgniter\CodeIgniter))
 6 FCPATH/index.php(59): CodeIgniter\Boot::bootWeb(Object(Config\Paths))
WARNING - 2026-03-20 19:07:59 --> [DEPRECATED] Creation of dynamic property App\Controllers\ProductController::$productsModel is deprecated in APPPATH/Controllers/ProductController.php on line 11.
 1 SYSTEMPATH/CodeIgniter.php(921): App\Controllers\ProductController->__construct()
 2 SYSTEMPATH/CodeIgniter.php(488): CodeIgniter\CodeIgniter->createController()
 3 SYSTEMPATH/CodeIgniter.php(340): CodeIgniter\CodeIgniter->handleRequest(null, Object(Config\Cache), false)
 4 SYSTEMPATH/Boot.php(417): CodeIgniter\CodeIgniter->run()
 5 SYSTEMPATH/Boot.php(68): CodeIgniter\Boot::runCodeIgniter(Object(CodeIgniter\CodeIgniter))
 6 FCPATH/index.php(59): CodeIgniter\Boot::bootWeb(Object(Config\Paths))
WARNING - 2026-03-20 19:08:04 --> [DEPRECATED] Creation of dynamic property App\Controllers\ProductController::$productsModel is deprecated in APPPATH/Controllers/ProductController.php on line 11.
 1 SYSTEMPATH/CodeIgniter.php(921): App\Controllers\ProductController->__construct()
 2 SYSTEMPATH/CodeIgniter.php(488): CodeIgniter\CodeIgniter->createController()
 3 SYSTEMPATH/CodeIgniter.php(340): CodeIgniter\CodeIgniter->handleRequest(null, Object(Config\Cache), false)
 4 SYSTEMPATH/Boot.php(417): CodeIgniter\CodeIgniter->run()
 5 SYSTEMPATH/Boot.php(68): CodeIgniter\Boot::runCodeIgniter(Object(CodeIgniter\CodeIgniter))
 6 FCPATH/index.php(59): CodeIgniter\Boot::bootWeb(Object(Config\Paths))
WARNING - 2026-03-20 19:08:04 --> [DEPRECATED] Creation of dynamic property App\Controllers\ProductController::$productsModel is deprecated in APPPATH/Controllers/ProductController.php on line 11.
 1 SYSTEMPATH/CodeIgniter.php(921): App\Controllers\ProductController->__construct()
 2 SYSTEMPATH/CodeIgniter.php(488): CodeIgniter\CodeIgniter->createController()
 3 SYSTEMPATH/CodeIgniter.php(340): CodeIgniter\CodeIgniter->handleRequest(null, Object(Config\Cache), false)
 4 SYSTEMPATH/Boot.php(417): CodeIgniter\CodeIgniter->run()
 5 SYSTEMPATH/Boot.php(68): CodeIgniter\Boot::runCodeIgniter(Object(CodeIgniter\CodeIgniter))
 6 FCPATH/index.php(59): CodeIgniter\Boot::bootWeb(Object(Config\Paths))
CRITICAL - 2026-03-20 19:08:22 --> Error: Class "App\Models\Products\BaseModel" not found
[Method: GET, Route: product-list]
in APPPATH/Models/Products/ProductsModel.php on line 5.
 1 SYSTEMPATH/Autoloader/Autoloader.php(315): include_once()
 2 SYSTEMPATH/Autoloader/Autoloader.php(295): CodeIgniter\Autoloader\Autoloader->includeFile()
 3 SYSTEMPATH/Autoloader/Autoloader.php(271): CodeIgniter\Autoloader\Autoloader->loadInNamespace()
 4 APPPATH/Controllers/ProductController.php(11): CodeIgniter\Autoloader\Autoloader->loadClass()
 5 SYSTEMPATH/CodeIgniter.php(921): App\Controllers\ProductController->__construct()
 6 SYSTEMPATH/CodeIgniter.php(488): CodeIgniter\CodeIgniter->createController()
 7 SYSTEMPATH/CodeIgniter.php(340): CodeIgniter\CodeIgniter->handleRequest()
 8 SYSTEMPATH/Boot.php(417): CodeIgniter\CodeIgniter->run()
 9 SYSTEMPATH/Boot.php(68): CodeIgniter\Boot::runCodeIgniter()
10 FCPATH/index.php(59): CodeIgniter\Boot::bootWeb()
WARNING - 2026-03-20 19:08:31 --> [DEPRECATED] Creation of dynamic property App\Controllers\ProductController::$productsModel is deprecated in APPPATH/Controllers/ProductController.php on line 11.
 1 SYSTEMPATH/CodeIgniter.php(921): App\Controllers\ProductController->__construct()
 2 SYSTEMPATH/CodeIgniter.php(488): CodeIgniter\CodeIgniter->createController()
 3 SYSTEMPATH/CodeIgniter.php(340): CodeIgniter\CodeIgniter->handleRequest(null, Object(Config\Cache), false)
 4 SYSTEMPATH/Boot.php(417): CodeIgniter\CodeIgniter->run()
 5 SYSTEMPATH/Boot.php(68): CodeIgniter\Boot::runCodeIgniter(Object(CodeIgniter\CodeIgniter))
 6 FCPATH/index.php(59): CodeIgniter\Boot::bootWeb(Object(Config\Paths))
WARNING - 2026-03-20 19:08:31 --> [DEPRECATED] Creation of dynamic property App\Controllers\ProductController::$productsModel is deprecated in APPPATH/Controllers/ProductController.php on line 11.
 1 SYSTEMPATH/CodeIgniter.php(921): App\Controllers\ProductController->__construct()
 2 SYSTEMPATH/CodeIgniter.php(488): CodeIgniter\CodeIgniter->createController()
 3 SYSTEMPATH/CodeIgniter.php(340): CodeIgniter\CodeIgniter->handleRequest(null, Object(Config\Cache), false)
 4 SYSTEMPATH/Boot.php(417): CodeIgniter\CodeIgniter->run()
 5 SYSTEMPATH/Boot.php(68): CodeIgniter\Boot::runCodeIgniter(Object(CodeIgniter\CodeIgniter))
 6 FCPATH/index.php(59): CodeIgniter\Boot::bootWeb(Object(Config\Paths))
WARNING - 2026-03-20 19:11:47 --> [DEPRECATED] Creation of dynamic property App\Controllers\ProductController::$productsModel is deprecated in APPPATH/Controllers/ProductController.php on line 11.
 1 SYSTEMPATH/CodeIgniter.php(921): App\Controllers\ProductController->__construct()
 2 SYSTEMPATH/CodeIgniter.php(488): CodeIgniter\CodeIgniter->createController()
 3 SYSTEMPATH/CodeIgniter.php(340): CodeIgniter\CodeIgniter->handleRequest(null, Object(Config\Cache), false)
 4 SYSTEMPATH/Boot.php(417): CodeIgniter\CodeIgniter->run()
 5 SYSTEMPATH/Boot.php(68): CodeIgniter\Boot::runCodeIgniter(Object(CodeIgniter\CodeIgniter))
 6 FCPATH/index.php(59): CodeIgniter\Boot::bootWeb(Object(Config\Paths))
WARNING - 2026-03-20 19:11:47 --> [DEPRECATED] Creation of dynamic property App\Controllers\ProductController::$productsModel is deprecated in APPPATH/Controllers/ProductController.php on line 11.
 1 SYSTEMPATH/CodeIgniter.php(921): App\Controllers\ProductController->__construct()
 2 SYSTEMPATH/CodeIgniter.php(488): CodeIgniter\CodeIgniter->createController()
 3 SYSTEMPATH/CodeIgniter.php(340): CodeIgniter\CodeIgniter->handleRequest(null, Object(Config\Cache), false)
 4 SYSTEMPATH/Boot.php(417): CodeIgniter\CodeIgniter->run()
 5 SYSTEMPATH/Boot.php(68): CodeIgniter\Boot::runCodeIgniter(Object(CodeIgniter\CodeIgniter))
 6 FCPATH/index.php(59): CodeIgniter\Boot::bootWeb(Object(Config\Paths))
WARNING - 2026-03-20 19:11:56 --> [DEPRECATED] Creation of dynamic property App\Controllers\ProductController::$productsModel is deprecated in APPPATH/Controllers/ProductController.php on line 11.
 1 SYSTEMPATH/CodeIgniter.php(921): App\Controllers\ProductController->__construct()
 2 SYSTEMPATH/CodeIgniter.php(488): CodeIgniter\CodeIgniter->createController()
 3 SYSTEMPATH/CodeIgniter.php(340): CodeIgniter\CodeIgniter->handleRequest(null, Object(Config\Cache), false)
 4 SYSTEMPATH/Boot.php(417): CodeIgniter\CodeIgniter->run()
 5 SYSTEMPATH/Boot.php(68): CodeIgniter\Boot::runCodeIgniter(Object(CodeIgniter\CodeIgniter))
 6 FCPATH/index.php(59): CodeIgniter\Boot::bootWeb(Object(Config\Paths))
WARNING - 2026-03-20 19:11:57 --> [DEPRECATED] Creation of dynamic property App\Controllers\ProductController::$productsModel is deprecated in APPPATH/Controllers/ProductController.php on line 11.
 1 SYSTEMPATH/CodeIgniter.php(921): App\Controllers\ProductController->__construct()
 2 SYSTEMPATH/CodeIgniter.php(488): CodeIgniter\CodeIgniter->createController()
 3 SYSTEMPATH/CodeIgniter.php(340): CodeIgniter\CodeIgniter->handleRequest(null, Object(Config\Cache), false)
 4 SYSTEMPATH/Boot.php(417): CodeIgniter\CodeIgniter->run()
 5 SYSTEMPATH/Boot.php(68): CodeIgniter\Boot::runCodeIgniter(Object(CodeIgniter\CodeIgniter))
 6 FCPATH/index.php(59): CodeIgniter\Boot::bootWeb(Object(Config\Paths))
WARNING - 2026-03-20 19:12:45 --> [DEPRECATED] Creation of dynamic property App\Controllers\ProductController::$productsModel is deprecated in APPPATH/Controllers/ProductController.php on line 11.
 1 SYSTEMPATH/CodeIgniter.php(921): App\Controllers\ProductController->__construct()
 2 SYSTEMPATH/CodeIgniter.php(488): CodeIgniter\CodeIgniter->createController()
 3 SYSTEMPATH/CodeIgniter.php(340): CodeIgniter\CodeIgniter->handleRequest(null, Object(Config\Cache), false)
 4 SYSTEMPATH/Boot.php(417): CodeIgniter\CodeIgniter->run()
 5 SYSTEMPATH/Boot.php(68): CodeIgniter\Boot::runCodeIgniter(Object(CodeIgniter\CodeIgniter))
 6 FCPATH/index.php(59): CodeIgniter\Boot::bootWeb(Object(Config\Paths))
WARNING - 2026-03-20 19:12:45 --> [DEPRECATED] Creation of dynamic property App\Controllers\ProductController::$productsModel is deprecated in APPPATH/Controllers/ProductController.php on line 11.
 1 SYSTEMPATH/CodeIgniter.php(921): App\Controllers\ProductController->__construct()
 2 SYSTEMPATH/CodeIgniter.php(488): CodeIgniter\CodeIgniter->createController()
 3 SYSTEMPATH/CodeIgniter.php(340): CodeIgniter\CodeIgniter->handleRequest(null, Object(Config\Cache), false)
 4 SYSTEMPATH/Boot.php(417): CodeIgniter\CodeIgniter->run()
 5 SYSTEMPATH/Boot.php(68): CodeIgniter\Boot::runCodeIgniter(Object(CodeIgniter\CodeIgniter))
 6 FCPATH/index.php(59): CodeIgniter\Boot::bootWeb(Object(Config\Paths))
WARNING - 2026-03-20 19:12:52 --> [DEPRECATED] Creation of dynamic property App\Controllers\ProductController::$productsModel is deprecated in APPPATH/Controllers/ProductController.php on line 11.
 1 SYSTEMPATH/CodeIgniter.php(921): App\Controllers\ProductController->__construct()
 2 SYSTEMPATH/CodeIgniter.php(488): CodeIgniter\CodeIgniter->createController()
 3 SYSTEMPATH/CodeIgniter.php(340): CodeIgniter\CodeIgniter->handleRequest(null, Object(Config\Cache), false)
 4 SYSTEMPATH/Boot.php(417): CodeIgniter\CodeIgniter->run()
 5 SYSTEMPATH/Boot.php(68): CodeIgniter\Boot::runCodeIgniter(Object(CodeIgniter\CodeIgniter))
 6 FCPATH/index.php(59): CodeIgniter\Boot::bootWeb(Object(Config\Paths))
WARNING - 2026-03-20 19:12:52 --> [DEPRECATED] Creation of dynamic property App\Controllers\ProductController::$productsModel is deprecated in APPPATH/Controllers/ProductController.php on line 11.
 1 SYSTEMPATH/CodeIgniter.php(921): App\Controllers\ProductController->__construct()
 2 SYSTEMPATH/CodeIgniter.php(488): CodeIgniter\CodeIgniter->createController()
 3 SYSTEMPATH/CodeIgniter.php(340): CodeIgniter\CodeIgniter->handleRequest(null, Object(Config\Cache), false)
 4 SYSTEMPATH/Boot.php(417): CodeIgniter\CodeIgniter->run()
 5 SYSTEMPATH/Boot.php(68): CodeIgniter\Boot::runCodeIgniter(Object(CodeIgniter\CodeIgniter))
 6 FCPATH/index.php(59): CodeIgniter\Boot::bootWeb(Object(Config\Paths))
WARNING - 2026-03-20 19:12:53 --> [DEPRECATED] Creation of dynamic property App\Controllers\ProductController::$productsModel is deprecated in APPPATH/Controllers/ProductController.php on line 11.
 1 SYSTEMPATH/CodeIgniter.php(921): App\Controllers\ProductController->__construct()
 2 SYSTEMPATH/CodeIgniter.php(488): CodeIgniter\CodeIgniter->createController()
 3 SYSTEMPATH/CodeIgniter.php(340): CodeIgniter\CodeIgniter->handleRequest(null, Object(Config\Cache), false)
 4 SYSTEMPATH/Boot.php(417): CodeIgniter\CodeIgniter->run()
 5 SYSTEMPATH/Boot.php(68): CodeIgniter\Boot::runCodeIgniter(Object(CodeIgniter\CodeIgniter))
 6 FCPATH/index.php(59): CodeIgniter\Boot::bootWeb(Object(Config\Paths))
WARNING - 2026-03-20 19:20:04 --> [DEPRECATED] Creation of dynamic property App\Controllers\ProductController::$productsModel is deprecated in APPPATH/Controllers/ProductController.php on line 11.
 1 SYSTEMPATH/CodeIgniter.php(921): App\Controllers\ProductController->__construct()
 2 SYSTEMPATH/CodeIgniter.php(488): CodeIgniter\CodeIgniter->createController()
 3 SYSTEMPATH/CodeIgniter.php(340): CodeIgniter\CodeIgniter->handleRequest(null, Object(Config\Cache), false)
 4 SYSTEMPATH/Boot.php(417): CodeIgniter\CodeIgniter->run()
 5 SYSTEMPATH/Boot.php(68): CodeIgniter\Boot::runCodeIgniter(Object(CodeIgniter\CodeIgniter))
 6 FCPATH/index.php(59): CodeIgniter\Boot::bootWeb(Object(Config\Paths))
WARNING - 2026-03-20 19:20:05 --> [DEPRECATED] Creation of dynamic property App\Controllers\ProductController::$productsModel is deprecated in APPPATH/Controllers/ProductController.php on line 11.
 1 SYSTEMPATH/CodeIgniter.php(921): App\Controllers\ProductController->__construct()
 2 SYSTEMPATH/CodeIgniter.php(488): CodeIgniter\CodeIgniter->createController()
 3 SYSTEMPATH/CodeIgniter.php(340): CodeIgniter\CodeIgniter->handleRequest(null, Object(Config\Cache), false)
 4 SYSTEMPATH/Boot.php(417): CodeIgniter\CodeIgniter->run()
 5 SYSTEMPATH/Boot.php(68): CodeIgniter\Boot::runCodeIgniter(Object(CodeIgniter\CodeIgniter))
 6 FCPATH/index.php(59): CodeIgniter\Boot::bootWeb(Object(Config\Paths))
CRITICAL - 2026-03-20 19:20:05 --> CodeIgniter\Database\Exceptions\DatabaseException: You must set the database table to be used with your query.
[Method: POST, Route: products/get-product-list]
in SYSTEMPATH/Database/BaseConnection.php on line 984.
 1 SYSTEMPATH/Model.php(598): CodeIgniter\Database\BaseConnection->table()
 2 SYSTEMPATH/Model.php(725): CodeIgniter\Model->builder()
 3 APPPATH/Models/Products/ProductsModel.php(18): CodeIgniter\Model->__get()
 4 APPPATH/Controllers/ProductController.php(21): App\Models\Products\ProductsModel->getProductList()
 5 SYSTEMPATH/CodeIgniter.php(951): App\Controllers\ProductController->getProductList()
 6 SYSTEMPATH/CodeIgniter.php(497): CodeIgniter\CodeIgniter->runController()
 7 SYSTEMPATH/CodeIgniter.php(340): CodeIgniter\CodeIgniter->handleRequest()
 8 SYSTEMPATH/Boot.php(417): CodeIgniter\CodeIgniter->run()
 9 SYSTEMPATH/Boot.php(68): CodeIgniter\Boot::runCodeIgniter()
10 FCPATH/index.php(59): CodeIgniter\Boot::bootWeb()
WARNING - 2026-03-20 19:20:57 --> [DEPRECATED] Creation of dynamic property App\Controllers\ProductController::$productsModel is deprecated in APPPATH/Controllers/ProductController.php on line 11.
 1 SYSTEMPATH/CodeIgniter.php(921): App\Controllers\ProductController->__construct()
 2 SYSTEMPATH/CodeIgniter.php(488): CodeIgniter\CodeIgniter->createController()
 3 SYSTEMPATH/CodeIgniter.php(340): CodeIgniter\CodeIgniter->handleRequest(null, Object(Config\Cache), false)
 4 SYSTEMPATH/Boot.php(417): CodeIgniter\CodeIgniter->run()
 5 SYSTEMPATH/Boot.php(68): CodeIgniter\Boot::runCodeIgniter(Object(CodeIgniter\CodeIgniter))
 6 FCPATH/index.php(59): CodeIgniter\Boot::bootWeb(Object(Config\Paths))
WARNING - 2026-03-20 19:20:58 --> [DEPRECATED] Creation of dynamic property App\Controllers\ProductController::$productsModel is deprecated in APPPATH/Controllers/ProductController.php on line 11.
 1 SYSTEMPATH/CodeIgniter.php(921): App\Controllers\ProductController->__construct()
 2 SYSTEMPATH/CodeIgniter.php(488): CodeIgniter\CodeIgniter->createController()
 3 SYSTEMPATH/CodeIgniter.php(340): CodeIgniter\CodeIgniter->handleRequest(null, Object(Config\Cache), false)
 4 SYSTEMPATH/Boot.php(417): CodeIgniter\CodeIgniter->run()
 5 SYSTEMPATH/Boot.php(68): CodeIgniter\Boot::runCodeIgniter(Object(CodeIgniter\CodeIgniter))
 6 FCPATH/index.php(59): CodeIgniter\Boot::bootWeb(Object(Config\Paths))
CRITICAL - 2026-03-20 19:20:58 --> CodeIgniter\Database\Exceptions\DatabaseException: You must set the database table to be used with your query.
[Method: POST, Route: products/get-product-list]
in SYSTEMPATH/Database/BaseConnection.php on line 984.
 1 SYSTEMPATH/Model.php(598): CodeIgniter\Database\BaseConnection->table()
 2 SYSTEMPATH/Model.php(748): CodeIgniter\Model->builder()
 3 APPPATH/Controllers/ProductController.php(28): CodeIgniter\Model->__call()
 4 SYSTEMPATH/CodeIgniter.php(951): App\Controllers\ProductController->getProductList()
 5 SYSTEMPATH/CodeIgniter.php(497): CodeIgniter\CodeIgniter->runController()
 6 SYSTEMPATH/CodeIgniter.php(340): CodeIgniter\CodeIgniter->handleRequest()
 7 SYSTEMPATH/Boot.php(417): CodeIgniter\CodeIgniter->run()
 8 SYSTEMPATH/Boot.php(68): CodeIgniter\Boot::runCodeIgniter()
 9 FCPATH/index.php(59): CodeIgniter\Boot::bootWeb()
WARNING - 2026-03-20 19:22:49 --> [DEPRECATED] Creation of dynamic property App\Controllers\ProductController::$productsModel is deprecated in APPPATH/Controllers/ProductController.php on line 11.
 1 SYSTEMPATH/CodeIgniter.php(921): App\Controllers\ProductController->__construct()
 2 SYSTEMPATH/CodeIgniter.php(488): CodeIgniter\CodeIgniter->createController()
 3 SYSTEMPATH/CodeIgniter.php(340): CodeIgniter\CodeIgniter->handleRequest(null, Object(Config\Cache), false)
 4 SYSTEMPATH/Boot.php(417): CodeIgniter\CodeIgniter->run()
 5 SYSTEMPATH/Boot.php(68): CodeIgniter\Boot::runCodeIgniter(Object(CodeIgniter\CodeIgniter))
 6 FCPATH/index.php(59): CodeIgniter\Boot::bootWeb(Object(Config\Paths))
WARNING - 2026-03-20 19:22:50 --> [DEPRECATED] Creation of dynamic property App\Controllers\ProductController::$productsModel is deprecated in APPPATH/Controllers/ProductController.php on line 11.
 1 SYSTEMPATH/CodeIgniter.php(921): App\Controllers\ProductController->__construct()
 2 SYSTEMPATH/CodeIgniter.php(488): CodeIgniter\CodeIgniter->createController()
 3 SYSTEMPATH/CodeIgniter.php(340): CodeIgniter\CodeIgniter->handleRequest(null, Object(Config\Cache), false)
 4 SYSTEMPATH/Boot.php(417): CodeIgniter\CodeIgniter->run()
 5 SYSTEMPATH/Boot.php(68): CodeIgniter\Boot::runCodeIgniter(Object(CodeIgniter\CodeIgniter))
 6 FCPATH/index.php(59): CodeIgniter\Boot::bootWeb(Object(Config\Paths))
CRITICAL - 2026-03-20 19:22:50 --> CodeIgniter\Database\Exceptions\DatabaseException: You must set the database table to be used with your query.
[Method: POST, Route: products/get-product-list]
in SYSTEMPATH/Database/BaseConnection.php on line 984.
 1 SYSTEMPATH/Model.php(598): CodeIgniter\Database\BaseConnection->table()
 2 SYSTEMPATH/Model.php(748): CodeIgniter\Model->builder()
 3 APPPATH/Controllers/ProductController.php(31): CodeIgniter\Model->__call()
 4 SYSTEMPATH/CodeIgniter.php(951): App\Controllers\ProductController->getProductList()
 5 SYSTEMPATH/CodeIgniter.php(497): CodeIgniter\CodeIgniter->runController()
 6 SYSTEMPATH/CodeIgniter.php(340): CodeIgniter\CodeIgniter->handleRequest()
 7 SYSTEMPATH/Boot.php(417): CodeIgniter\CodeIgniter->run()
 8 SYSTEMPATH/Boot.php(68): CodeIgniter\Boot::runCodeIgniter()
 9 FCPATH/index.php(59): CodeIgniter\Boot::bootWeb()
WARNING - 2026-03-20 19:25:15 --> [DEPRECATED] Creation of dynamic property App\Controllers\ProductController::$productsModel is deprecated in APPPATH/Controllers/ProductController.php on line 11.
 1 SYSTEMPATH/CodeIgniter.php(921): App\Controllers\ProductController->__construct()
 2 SYSTEMPATH/CodeIgniter.php(488): CodeIgniter\CodeIgniter->createController()
 3 SYSTEMPATH/CodeIgniter.php(340): CodeIgniter\CodeIgniter->handleRequest(null, Object(Config\Cache), false)
 4 SYSTEMPATH/Boot.php(417): CodeIgniter\CodeIgniter->run()
 5 SYSTEMPATH/Boot.php(68): CodeIgniter\Boot::runCodeIgniter(Object(CodeIgniter\CodeIgniter))
 6 FCPATH/index.php(59): CodeIgniter\Boot::bootWeb(Object(Config\Paths))
WARNING - 2026-03-20 19:25:16 --> [DEPRECATED] Creation of dynamic property App\Controllers\ProductController::$productsModel is deprecated in APPPATH/Controllers/ProductController.php on line 11.
 1 SYSTEMPATH/CodeIgniter.php(921): App\Controllers\ProductController->__construct()
 2 SYSTEMPATH/CodeIgniter.php(488): CodeIgniter\CodeIgniter->createController()
 3 SYSTEMPATH/CodeIgniter.php(340): CodeIgniter\CodeIgniter->handleRequest(null, Object(Config\Cache), false)
 4 SYSTEMPATH/Boot.php(417): CodeIgniter\CodeIgniter->run()
 5 SYSTEMPATH/Boot.php(68): CodeIgniter\Boot::runCodeIgniter(Object(CodeIgniter\CodeIgniter))
 6 FCPATH/index.php(59): CodeIgniter\Boot::bootWeb(Object(Config\Paths))
WARNING - 2026-03-20 19:25:24 --> [DEPRECATED] Creation of dynamic property App\Controllers\ProductController::$productsModel is deprecated in APPPATH/Controllers/ProductController.php on line 11.
 1 SYSTEMPATH/CodeIgniter.php(921): App\Controllers\ProductController->__construct()
 2 SYSTEMPATH/CodeIgniter.php(488): CodeIgniter\CodeIgniter->createController()
 3 SYSTEMPATH/CodeIgniter.php(340): CodeIgniter\CodeIgniter->handleRequest(null, Object(Config\Cache), false)
 4 SYSTEMPATH/Boot.php(417): CodeIgniter\CodeIgniter->run()
 5 SYSTEMPATH/Boot.php(68): CodeIgniter\Boot::runCodeIgniter(Object(CodeIgniter\CodeIgniter))
 6 FCPATH/index.php(59): CodeIgniter\Boot::bootWeb(Object(Config\Paths))
WARNING - 2026-03-20 19:25:25 --> [DEPRECATED] Creation of dynamic property App\Controllers\ProductController::$productsModel is deprecated in APPPATH/Controllers/ProductController.php on line 11.
 1 SYSTEMPATH/CodeIgniter.php(921): App\Controllers\ProductController->__construct()
 2 SYSTEMPATH/CodeIgniter.php(488): CodeIgniter\CodeIgniter->createController()
 3 SYSTEMPATH/CodeIgniter.php(340): CodeIgniter\CodeIgniter->handleRequest(null, Object(Config\Cache), false)
 4 SYSTEMPATH/Boot.php(417): CodeIgniter\CodeIgniter->run()
 5 SYSTEMPATH/Boot.php(68): CodeIgniter\Boot::runCodeIgniter(Object(CodeIgniter\CodeIgniter))
 6 FCPATH/index.php(59): CodeIgniter\Boot::bootWeb(Object(Config\Paths))
WARNING - 2026-03-20 19:26:21 --> [DEPRECATED] Creation of dynamic property App\Controllers\ProductController::$productsModel is deprecated in APPPATH/Controllers/ProductController.php on line 11.
 1 SYSTEMPATH/CodeIgniter.php(921): App\Controllers\ProductController->__construct()
 2 SYSTEMPATH/CodeIgniter.php(488): CodeIgniter\CodeIgniter->createController()
 3 SYSTEMPATH/CodeIgniter.php(340): CodeIgniter\CodeIgniter->handleRequest(null, Object(Config\Cache), false)
 4 SYSTEMPATH/Boot.php(417): CodeIgniter\CodeIgniter->run()
 5 SYSTEMPATH/Boot.php(68): CodeIgniter\Boot::runCodeIgniter(Object(CodeIgniter\CodeIgniter))
 6 FCPATH/index.php(59): CodeIgniter\Boot::bootWeb(Object(Config\Paths))
WARNING - 2026-03-20 19:26:22 --> [DEPRECATED] Creation of dynamic property App\Controllers\ProductController::$productsModel is deprecated in APPPATH/Controllers/ProductController.php on line 11.
 1 SYSTEMPATH/CodeIgniter.php(921): App\Controllers\ProductController->__construct()
 2 SYSTEMPATH/CodeIgniter.php(488): CodeIgniter\CodeIgniter->createController()
 3 SYSTEMPATH/CodeIgniter.php(340): CodeIgniter\CodeIgniter->handleRequest(null, Object(Config\Cache), false)
 4 SYSTEMPATH/Boot.php(417): CodeIgniter\CodeIgniter->run()
 5 SYSTEMPATH/Boot.php(68): CodeIgniter\Boot::runCodeIgniter(Object(CodeIgniter\CodeIgniter))
 6 FCPATH/index.php(59): CodeIgniter\Boot::bootWeb(Object(Config\Paths))
WARNING - 2026-03-20 19:26:37 --> [DEPRECATED] Creation of dynamic property App\Controllers\ProductController::$productsModel is deprecated in APPPATH/Controllers/ProductController.php on line 11.
 1 SYSTEMPATH/CodeIgniter.php(921): App\Controllers\ProductController->__construct()
 2 SYSTEMPATH/CodeIgniter.php(488): CodeIgniter\CodeIgniter->createController()
 3 SYSTEMPATH/CodeIgniter.php(340): CodeIgniter\CodeIgniter->handleRequest(null, Object(Config\Cache), false)
 4 SYSTEMPATH/Boot.php(417): CodeIgniter\CodeIgniter->run()
 5 SYSTEMPATH/Boot.php(68): CodeIgniter\Boot::runCodeIgniter(Object(CodeIgniter\CodeIgniter))
 6 FCPATH/index.php(59): CodeIgniter\Boot::bootWeb(Object(Config\Paths))
WARNING - 2026-03-20 19:26:37 --> [DEPRECATED] Creation of dynamic property App\Controllers\ProductController::$productsModel is deprecated in APPPATH/Controllers/ProductController.php on line 11.
 1 SYSTEMPATH/CodeIgniter.php(921): App\Controllers\ProductController->__construct()
 2 SYSTEMPATH/CodeIgniter.php(488): CodeIgniter\CodeIgniter->createController()
 3 SYSTEMPATH/CodeIgniter.php(340): CodeIgniter\CodeIgniter->handleRequest(null, Object(Config\Cache), false)
 4 SYSTEMPATH/Boot.php(417): CodeIgniter\CodeIgniter->run()
 5 SYSTEMPATH/Boot.php(68): CodeIgniter\Boot::runCodeIgniter(Object(CodeIgniter\CodeIgniter))
 6 FCPATH/index.php(59): CodeIgniter\Boot::bootWeb(Object(Config\Paths))
WARNING - 2026-03-20 19:28:24 --> [DEPRECATED] Creation of dynamic property App\Controllers\ProductController::$productsModel is deprecated in APPPATH/Controllers/ProductController.php on line 11.
 1 SYSTEMPATH/CodeIgniter.php(921): App\Controllers\ProductController->__construct()
 2 SYSTEMPATH/CodeIgniter.php(488): CodeIgniter\CodeIgniter->createController()
 3 SYSTEMPATH/CodeIgniter.php(340): CodeIgniter\CodeIgniter->handleRequest(null, Object(Config\Cache), false)
 4 SYSTEMPATH/Boot.php(417): CodeIgniter\CodeIgniter->run()
 5 SYSTEMPATH/Boot.php(68): CodeIgniter\Boot::runCodeIgniter(Object(CodeIgniter\CodeIgniter))
 6 FCPATH/index.php(59): CodeIgniter\Boot::bootWeb(Object(Config\Paths))
WARNING - 2026-03-20 19:28:25 --> [DEPRECATED] Creation of dynamic property App\Controllers\ProductController::$productsModel is deprecated in APPPATH/Controllers/ProductController.php on line 11.
 1 SYSTEMPATH/CodeIgniter.php(921): App\Controllers\ProductController->__construct()
 2 SYSTEMPATH/CodeIgniter.php(488): CodeIgniter\CodeIgniter->createController()
 3 SYSTEMPATH/CodeIgniter.php(340): CodeIgniter\CodeIgniter->handleRequest(null, Object(Config\Cache), false)
 4 SYSTEMPATH/Boot.php(417): CodeIgniter\CodeIgniter->run()
 5 SYSTEMPATH/Boot.php(68): CodeIgniter\Boot::runCodeIgniter(Object(CodeIgniter\CodeIgniter))
 6 FCPATH/index.php(59): CodeIgniter\Boot::bootWeb(Object(Config\Paths))
WARNING - 2026-03-20 19:28:49 --> [DEPRECATED] Creation of dynamic property App\Controllers\ProductController::$productsModel is deprecated in APPPATH/Controllers/ProductController.php on line 11.
 1 SYSTEMPATH/CodeIgniter.php(921): App\Controllers\ProductController->__construct()
 2 SYSTEMPATH/CodeIgniter.php(488): CodeIgniter\CodeIgniter->createController()
 3 SYSTEMPATH/CodeIgniter.php(340): CodeIgniter\CodeIgniter->handleRequest(null, Object(Config\Cache), false)
 4 SYSTEMPATH/Boot.php(417): CodeIgniter\CodeIgniter->run()
 5 SYSTEMPATH/Boot.php(68): CodeIgniter\Boot::runCodeIgniter(Object(CodeIgniter\CodeIgniter))
 6 FCPATH/index.php(59): CodeIgniter\Boot::bootWeb(Object(Config\Paths))
WARNING - 2026-03-20 19:28:50 --> [DEPRECATED] Creation of dynamic property App\Controllers\ProductController::$productsModel is deprecated in APPPATH/Controllers/ProductController.php on line 11.
 1 SYSTEMPATH/CodeIgniter.php(921): App\Controllers\ProductController->__construct()
 2 SYSTEMPATH/CodeIgniter.php(488): CodeIgniter\CodeIgniter->createController()
 3 SYSTEMPATH/CodeIgniter.php(340): CodeIgniter\CodeIgniter->handleRequest(null, Object(Config\Cache), false)
 4 SYSTEMPATH/Boot.php(417): CodeIgniter\CodeIgniter->run()
 5 SYSTEMPATH/Boot.php(68): CodeIgniter\Boot::runCodeIgniter(Object(CodeIgniter\CodeIgniter))
 6 FCPATH/index.php(59): CodeIgniter\Boot::bootWeb(Object(Config\Paths))
WARNING - 2026-03-20 19:28:59 --> [DEPRECATED] Creation of dynamic property App\Controllers\ProductController::$productsModel is deprecated in APPPATH/Controllers/ProductController.php on line 11.
 1 SYSTEMPATH/CodeIgniter.php(921): App\Controllers\ProductController->__construct()
 2 SYSTEMPATH/CodeIgniter.php(488): CodeIgniter\CodeIgniter->createController()
 3 SYSTEMPATH/CodeIgniter.php(340): CodeIgniter\CodeIgniter->handleRequest(null, Object(Config\Cache), false)
 4 SYSTEMPATH/Boot.php(417): CodeIgniter\CodeIgniter->run()
 5 SYSTEMPATH/Boot.php(68): CodeIgniter\Boot::runCodeIgniter(Object(CodeIgniter\CodeIgniter))
 6 FCPATH/index.php(59): CodeIgniter\Boot::bootWeb(Object(Config\Paths))
WARNING - 2026-03-20 19:29:00 --> [DEPRECATED] Creation of dynamic property App\Controllers\ProductController::$productsModel is deprecated in APPPATH/Controllers/ProductController.php on line 11.
 1 SYSTEMPATH/CodeIgniter.php(921): App\Controllers\ProductController->__construct()
 2 SYSTEMPATH/CodeIgniter.php(488): CodeIgniter\CodeIgniter->createController()
 3 SYSTEMPATH/CodeIgniter.php(340): CodeIgniter\CodeIgniter->handleRequest(null, Object(Config\Cache), false)
 4 SYSTEMPATH/Boot.php(417): CodeIgniter\CodeIgniter->run()
 5 SYSTEMPATH/Boot.php(68): CodeIgniter\Boot::runCodeIgniter(Object(CodeIgniter\CodeIgniter))
 6 FCPATH/index.php(59): CodeIgniter\Boot::bootWeb(Object(Config\Paths))
WARNING - 2026-03-20 19:29:01 --> [DEPRECATED] Creation of dynamic property App\Controllers\ProductController::$productsModel is deprecated in APPPATH/Controllers/ProductController.php on line 11.
 1 SYSTEMPATH/CodeIgniter.php(921): App\Controllers\ProductController->__construct()
 2 SYSTEMPATH/CodeIgniter.php(488): CodeIgniter\CodeIgniter->createController()
 3 SYSTEMPATH/CodeIgniter.php(340): CodeIgniter\CodeIgniter->handleRequest(null, Object(Config\Cache), false)
 4 SYSTEMPATH/Boot.php(417): CodeIgniter\CodeIgniter->run()
 5 SYSTEMPATH/Boot.php(68): CodeIgniter\Boot::runCodeIgniter(Object(CodeIgniter\CodeIgniter))
 6 FCPATH/index.php(59): CodeIgniter\Boot::bootWeb(Object(Config\Paths))
WARNING - 2026-03-20 19:31:13 --> [DEPRECATED] Creation of dynamic property App\Controllers\ProductController::$productsModel is deprecated in APPPATH/Controllers/ProductController.php on line 11.
 1 SYSTEMPATH/CodeIgniter.php(921): App\Controllers\ProductController->__construct()
 2 SYSTEMPATH/CodeIgniter.php(488): CodeIgniter\CodeIgniter->createController()
 3 SYSTEMPATH/CodeIgniter.php(340): CodeIgniter\CodeIgniter->handleRequest(null, Object(Config\Cache), false)
 4 SYSTEMPATH/Boot.php(417): CodeIgniter\CodeIgniter->run()
 5 SYSTEMPATH/Boot.php(68): CodeIgniter\Boot::runCodeIgniter(Object(CodeIgniter\CodeIgniter))
 6 FCPATH/index.php(59): CodeIgniter\Boot::bootWeb(Object(Config\Paths))
WARNING - 2026-03-20 19:31:18 --> [DEPRECATED] Creation of dynamic property App\Controllers\ProductController::$productsModel is deprecated in APPPATH/Controllers/ProductController.php on line 11.
 1 SYSTEMPATH/CodeIgniter.php(921): App\Controllers\ProductController->__construct()
 2 SYSTEMPATH/CodeIgniter.php(488): CodeIgniter\CodeIgniter->createController()
 3 SYSTEMPATH/CodeIgniter.php(340): CodeIgniter\CodeIgniter->handleRequest(null, Object(Config\Cache), false)
 4 SYSTEMPATH/Boot.php(417): CodeIgniter\CodeIgniter->run()
 5 SYSTEMPATH/Boot.php(68): CodeIgniter\Boot::runCodeIgniter(Object(CodeIgniter\CodeIgniter))
 6 FCPATH/index.php(59): CodeIgniter\Boot::bootWeb(Object(Config\Paths))
WARNING - 2026-03-20 19:31:20 --> [DEPRECATED] Creation of dynamic property App\Controllers\ProductController::$productsModel is deprecated in APPPATH/Controllers/ProductController.php on line 11.
 1 SYSTEMPATH/CodeIgniter.php(921): App\Controllers\ProductController->__construct()
 2 SYSTEMPATH/CodeIgniter.php(488): CodeIgniter\CodeIgniter->createController()
 3 SYSTEMPATH/CodeIgniter.php(340): CodeIgniter\CodeIgniter->handleRequest(null, Object(Config\Cache), false)
 4 SYSTEMPATH/Boot.php(417): CodeIgniter\CodeIgniter->run()
 5 SYSTEMPATH/Boot.php(68): CodeIgniter\Boot::runCodeIgniter(Object(CodeIgniter\CodeIgniter))
 6 FCPATH/index.php(59): CodeIgniter\Boot::bootWeb(Object(Config\Paths))
WARNING - 2026-03-20 19:31:32 --> [DEPRECATED] Creation of dynamic property App\Controllers\ProductController::$productsModel is deprecated in APPPATH/Controllers/ProductController.php on line 11.
 1 SYSTEMPATH/CodeIgniter.php(921): App\Controllers\ProductController->__construct()
 2 SYSTEMPATH/CodeIgniter.php(488): CodeIgniter\CodeIgniter->createController()
 3 SYSTEMPATH/CodeIgniter.php(340): CodeIgniter\CodeIgniter->handleRequest(null, Object(Config\Cache), false)
 4 SYSTEMPATH/Boot.php(417): CodeIgniter\CodeIgniter->run()
 5 SYSTEMPATH/Boot.php(68): CodeIgniter\Boot::runCodeIgniter(Object(CodeIgniter\CodeIgniter))
 6 FCPATH/index.php(59): CodeIgniter\Boot::bootWeb(Object(Config\Paths))
WARNING - 2026-03-20 19:31:46 --> [DEPRECATED] Creation of dynamic property App\Controllers\ProductController::$productsModel is deprecated in APPPATH/Controllers/ProductController.php on line 11.
 1 SYSTEMPATH/CodeIgniter.php(921): App\Controllers\ProductController->__construct()
 2 SYSTEMPATH/CodeIgniter.php(488): CodeIgniter\CodeIgniter->createController()
 3 SYSTEMPATH/CodeIgniter.php(340): CodeIgniter\CodeIgniter->handleRequest(null, Object(Config\Cache), false)
 4 SYSTEMPATH/Boot.php(417): CodeIgniter\CodeIgniter->run()
 5 SYSTEMPATH/Boot.php(68): CodeIgniter\Boot::runCodeIgniter(Object(CodeIgniter\CodeIgniter))
 6 FCPATH/index.php(59): CodeIgniter\Boot::bootWeb(Object(Config\Paths))
WARNING - 2026-03-20 19:31:48 --> [DEPRECATED] Creation of dynamic property App\Controllers\ProductController::$productsModel is deprecated in APPPATH/Controllers/ProductController.php on line 11.
 1 SYSTEMPATH/CodeIgniter.php(921): App\Controllers\ProductController->__construct()
 2 SYSTEMPATH/CodeIgniter.php(488): CodeIgniter\CodeIgniter->createController()
 3 SYSTEMPATH/CodeIgniter.php(340): CodeIgniter\CodeIgniter->handleRequest(null, Object(Config\Cache), false)
 4 SYSTEMPATH/Boot.php(417): CodeIgniter\CodeIgniter->run()
 5 SYSTEMPATH/Boot.php(68): CodeIgniter\Boot::runCodeIgniter(Object(CodeIgniter\CodeIgniter))
 6 FCPATH/index.php(59): CodeIgniter\Boot::bootWeb(Object(Config\Paths))
WARNING - 2026-03-20 19:31:49 --> [DEPRECATED] Creation of dynamic property App\Controllers\ProductController::$productsModel is deprecated in APPPATH/Controllers/ProductController.php on line 11.
 1 SYSTEMPATH/CodeIgniter.php(921): App\Controllers\ProductController->__construct()
 2 SYSTEMPATH/CodeIgniter.php(488): CodeIgniter\CodeIgniter->createController()
 3 SYSTEMPATH/CodeIgniter.php(340): CodeIgniter\CodeIgniter->handleRequest(null, Object(Config\Cache), false)
 4 SYSTEMPATH/Boot.php(417): CodeIgniter\CodeIgniter->run()
 5 SYSTEMPATH/Boot.php(68): CodeIgniter\Boot::runCodeIgniter(Object(CodeIgniter\CodeIgniter))
 6 FCPATH/index.php(59): CodeIgniter\Boot::bootWeb(Object(Config\Paths))
WARNING - 2026-03-20 19:31:50 --> [DEPRECATED] Creation of dynamic property App\Controllers\ProductController::$productsModel is deprecated in APPPATH/Controllers/ProductController.php on line 11.
 1 SYSTEMPATH/CodeIgniter.php(921): App\Controllers\ProductController->__construct()
 2 SYSTEMPATH/CodeIgniter.php(488): CodeIgniter\CodeIgniter->createController()
 3 SYSTEMPATH/CodeIgniter.php(340): CodeIgniter\CodeIgniter->handleRequest(null, Object(Config\Cache), false)
 4 SYSTEMPATH/Boot.php(417): CodeIgniter\CodeIgniter->run()
 5 SYSTEMPATH/Boot.php(68): CodeIgniter\Boot::runCodeIgniter(Object(CodeIgniter\CodeIgniter))
 6 FCPATH/index.php(59): CodeIgniter\Boot::bootWeb(Object(Config\Paths))
WARNING - 2026-03-20 19:31:51 --> [DEPRECATED] Creation of dynamic property App\Controllers\ProductController::$productsModel is deprecated in APPPATH/Controllers/ProductController.php on line 11.
 1 SYSTEMPATH/CodeIgniter.php(921): App\Controllers\ProductController->__construct()
 2 SYSTEMPATH/CodeIgniter.php(488): CodeIgniter\CodeIgniter->createController()
 3 SYSTEMPATH/CodeIgniter.php(340): CodeIgniter\CodeIgniter->handleRequest(null, Object(Config\Cache), false)
 4 SYSTEMPATH/Boot.php(417): CodeIgniter\CodeIgniter->run()
 5 SYSTEMPATH/Boot.php(68): CodeIgniter\Boot::runCodeIgniter(Object(CodeIgniter\CodeIgniter))
 6 FCPATH/index.php(59): CodeIgniter\Boot::bootWeb(Object(Config\Paths))
WARNING - 2026-03-20 19:31:52 --> [DEPRECATED] Creation of dynamic property App\Controllers\ProductController::$productsModel is deprecated in APPPATH/Controllers/ProductController.php on line 11.
 1 SYSTEMPATH/CodeIgniter.php(921): App\Controllers\ProductController->__construct()
 2 SYSTEMPATH/CodeIgniter.php(488): CodeIgniter\CodeIgniter->createController()
 3 SYSTEMPATH/CodeIgniter.php(340): CodeIgniter\CodeIgniter->handleRequest(null, Object(Config\Cache), false)
 4 SYSTEMPATH/Boot.php(417): CodeIgniter\CodeIgniter->run()
 5 SYSTEMPATH/Boot.php(68): CodeIgniter\Boot::runCodeIgniter(Object(CodeIgniter\CodeIgniter))
 6 FCPATH/index.php(59): CodeIgniter\Boot::bootWeb(Object(Config\Paths))
WARNING - 2026-03-20 19:31:57 --> [DEPRECATED] Creation of dynamic property App\Controllers\ProductController::$productsModel is deprecated in APPPATH/Controllers/ProductController.php on line 11.
 1 SYSTEMPATH/CodeIgniter.php(921): App\Controllers\ProductController->__construct()
 2 SYSTEMPATH/CodeIgniter.php(488): CodeIgniter\CodeIgniter->createController()
 3 SYSTEMPATH/CodeIgniter.php(340): CodeIgniter\CodeIgniter->handleRequest(null, Object(Config\Cache), false)
 4 SYSTEMPATH/Boot.php(417): CodeIgniter\CodeIgniter->run()
 5 SYSTEMPATH/Boot.php(68): CodeIgniter\Boot::runCodeIgniter(Object(CodeIgniter\CodeIgniter))
 6 FCPATH/index.php(59): CodeIgniter\Boot::bootWeb(Object(Config\Paths))
WARNING - 2026-03-20 19:32:02 --> [DEPRECATED] Creation of dynamic property App\Controllers\ProductController::$productsModel is deprecated in APPPATH/Controllers/ProductController.php on line 11.
 1 SYSTEMPATH/CodeIgniter.php(921): App\Controllers\ProductController->__construct()
 2 SYSTEMPATH/CodeIgniter.php(488): CodeIgniter\CodeIgniter->createController()
 3 SYSTEMPATH/CodeIgniter.php(340): CodeIgniter\CodeIgniter->handleRequest(null, Object(Config\Cache), false)
 4 SYSTEMPATH/Boot.php(417): CodeIgniter\CodeIgniter->run()
 5 SYSTEMPATH/Boot.php(68): CodeIgniter\Boot::runCodeIgniter(Object(CodeIgniter\CodeIgniter))
 6 FCPATH/index.php(59): CodeIgniter\Boot::bootWeb(Object(Config\Paths))
WARNING - 2026-03-20 19:32:06 --> [DEPRECATED] Creation of dynamic property App\Controllers\ProductController::$productsModel is deprecated in APPPATH/Controllers/ProductController.php on line 11.
 1 SYSTEMPATH/CodeIgniter.php(921): App\Controllers\ProductController->__construct()
 2 SYSTEMPATH/CodeIgniter.php(488): CodeIgniter\CodeIgniter->createController()
 3 SYSTEMPATH/CodeIgniter.php(340): CodeIgniter\CodeIgniter->handleRequest(null, Object(Config\Cache), false)
 4 SYSTEMPATH/Boot.php(417): CodeIgniter\CodeIgniter->run()
 5 SYSTEMPATH/Boot.php(68): CodeIgniter\Boot::runCodeIgniter(Object(CodeIgniter\CodeIgniter))
 6 FCPATH/index.php(59): CodeIgniter\Boot::bootWeb(Object(Config\Paths))
WARNING - 2026-03-20 19:32:10 --> [DEPRECATED] Creation of dynamic property App\Controllers\ProductController::$productsModel is deprecated in APPPATH/Controllers/ProductController.php on line 11.
 1 SYSTEMPATH/CodeIgniter.php(921): App\Controllers\ProductController->__construct()
 2 SYSTEMPATH/CodeIgniter.php(488): CodeIgniter\CodeIgniter->createController()
 3 SYSTEMPATH/CodeIgniter.php(340): CodeIgniter\CodeIgniter->handleRequest(null, Object(Config\Cache), false)
 4 SYSTEMPATH/Boot.php(417): CodeIgniter\CodeIgniter->run()
 5 SYSTEMPATH/Boot.php(68): CodeIgniter\Boot::runCodeIgniter(Object(CodeIgniter\CodeIgniter))
 6 FCPATH/index.php(59): CodeIgniter\Boot::bootWeb(Object(Config\Paths))
WARNING - 2026-03-20 23:53:55 --> [DEPRECATED] Creation of dynamic property App\Controllers\ProductController::$productsModel is deprecated in APPPATH/Controllers/ProductController.php on line 11.
 1 SYSTEMPATH/CodeIgniter.php(921): App\Controllers\ProductController->__construct()
 2 SYSTEMPATH/CodeIgniter.php(488): CodeIgniter\CodeIgniter->createController()
 3 SYSTEMPATH/CodeIgniter.php(340): CodeIgniter\CodeIgniter->handleRequest(null, Object(Config\Cache), false)
 4 SYSTEMPATH/Boot.php(417): CodeIgniter\CodeIgniter->run()
 5 SYSTEMPATH/Boot.php(68): CodeIgniter\Boot::runCodeIgniter(Object(CodeIgniter\CodeIgniter))
 6 FCPATH/index.php(59): CodeIgniter\Boot::bootWeb(Object(Config\Paths))
WARNING - 2026-03-20 23:53:56 --> [DEPRECATED] Creation of dynamic property App\Controllers\ProductController::$productsModel is deprecated in APPPATH/Controllers/ProductController.php on line 11.
 1 SYSTEMPATH/CodeIgniter.php(921): App\Controllers\ProductController->__construct()
 2 SYSTEMPATH/CodeIgniter.php(488): CodeIgniter\CodeIgniter->createController()
 3 SYSTEMPATH/CodeIgniter.php(340): CodeIgniter\CodeIgniter->handleRequest(null, Object(Config\Cache), false)
 4 SYSTEMPATH/Boot.php(417): CodeIgniter\CodeIgniter->run()
 5 SYSTEMPATH/Boot.php(68): CodeIgniter\Boot::runCodeIgniter(Object(CodeIgniter\CodeIgniter))
 6 FCPATH/index.php(59): CodeIgniter\Boot::bootWeb(Object(Config\Paths))
ERROR - 2026-03-20 23:53:56 --> Table 'db.jadelyn_pharmacy_product_list' doesn't exist
in SYSTEMPATH/Database/MySQLi/Connection.php on line 300.
 1 SYSTEMPATH/Database/MySQLi/Connection.php(300): mysqli->query()
 2 SYSTEMPATH/Database/BaseConnection.php(769): CodeIgniter\Database\MySQLi\Connection->execute()
 3 SYSTEMPATH/Database/BaseConnection.php(686): CodeIgniter\Database\BaseConnection->simpleQuery()
 4 SYSTEMPATH/Database/BaseBuilder.php(1649): CodeIgniter\Database\BaseConnection->query()
 5 APPPATH/Models/Products/ProductsModel.php(42): CodeIgniter\Database\BaseBuilder->get()
 6 APPPATH/Controllers/ProductController.php(28): App\Models\Products\ProductsModel->getProductListServerSide()
 7 SYSTEMPATH/CodeIgniter.php(951): App\Controllers\ProductController->getProductList()
 8 SYSTEMPATH/CodeIgniter.php(497): CodeIgniter\CodeIgniter->runController()
 9 SYSTEMPATH/CodeIgniter.php(340): CodeIgniter\CodeIgniter->handleRequest()
10 SYSTEMPATH/Boot.php(417): CodeIgniter\CodeIgniter->run()
11 SYSTEMPATH/Boot.php(68): CodeIgniter\Boot::runCodeIgniter()
12 FCPATH/index.php(59): CodeIgniter\Boot::bootWeb()
CRITICAL - 2026-03-20 23:53:56 --> CodeIgniter\Database\Exceptions\DatabaseException: Table 'db.jadelyn_pharmacy_product_list' doesn't exist
[Method: POST, Route: products/get-product-list]
in SYSTEMPATH/Database/BaseConnection.php on line 724.
 1 SYSTEMPATH/Database/BaseBuilder.php(1649): CodeIgniter\Database\BaseConnection->query()
 2 APPPATH/Models/Products/ProductsModel.php(42): CodeIgniter\Database\BaseBuilder->get()
 3 APPPATH/Controllers/ProductController.php(28): App\Models\Products\ProductsModel->getProductListServerSide()
 4 SYSTEMPATH/CodeIgniter.php(951): App\Controllers\ProductController->getProductList()
 5 SYSTEMPATH/CodeIgniter.php(497): CodeIgniter\CodeIgniter->runController()
 6 SYSTEMPATH/CodeIgniter.php(340): CodeIgniter\CodeIgniter->handleRequest()
 7 SYSTEMPATH/Boot.php(417): CodeIgniter\CodeIgniter->run()
 8 SYSTEMPATH/Boot.php(68): CodeIgniter\Boot::runCodeIgniter()
 9 FCPATH/index.php(59): CodeIgniter\Boot::bootWeb()
CRITICAL - 2026-03-20 23:53:56 --> [Caused by] CodeIgniter\Database\Exceptions\DatabaseException: Table 'db.jadelyn_pharmacy_product_list' doesn't exist
in SYSTEMPATH/Database/MySQLi/Connection.php on line 310.
 1 SYSTEMPATH/Database/BaseConnection.php(769): CodeIgniter\Database\MySQLi\Connection->execute()
 2 SYSTEMPATH/Database/BaseConnection.php(686): CodeIgniter\Database\BaseConnection->simpleQuery()
 3 SYSTEMPATH/Database/BaseBuilder.php(1649): CodeIgniter\Database\BaseConnection->query()
 4 APPPATH/Models/Products/ProductsModel.php(42): CodeIgniter\Database\BaseBuilder->get()
 5 APPPATH/Controllers/ProductController.php(28): App\Models\Products\ProductsModel->getProductListServerSide()
 6 SYSTEMPATH/CodeIgniter.php(951): App\Controllers\ProductController->getProductList()
 7 SYSTEMPATH/CodeIgniter.php(497): CodeIgniter\CodeIgniter->runController()
 8 SYSTEMPATH/CodeIgniter.php(340): CodeIgniter\CodeIgniter->handleRequest()
 9 SYSTEMPATH/Boot.php(417): CodeIgniter\CodeIgniter->run()
10 SYSTEMPATH/Boot.php(68): CodeIgniter\Boot::runCodeIgniter()
11 FCPATH/index.php(59): CodeIgniter\Boot::bootWeb()
CRITICAL - 2026-03-20 23:53:56 --> [Caused by] mysqli_sql_exception: Table 'db.jadelyn_pharmacy_product_list' doesn't exist
in SYSTEMPATH/Database/MySQLi/Connection.php on line 300.
 1 SYSTEMPATH/Database/MySQLi/Connection.php(300): mysqli->query()
 2 SYSTEMPATH/Database/BaseConnection.php(769): CodeIgniter\Database\MySQLi\Connection->execute()
 3 SYSTEMPATH/Database/BaseConnection.php(686): CodeIgniter\Database\BaseConnection->simpleQuery()
 4 SYSTEMPATH/Database/BaseBuilder.php(1649): CodeIgniter\Database\BaseConnection->query()
 5 APPPATH/Models/Products/ProductsModel.php(42): CodeIgniter\Database\BaseBuilder->get()
 6 APPPATH/Controllers/ProductController.php(28): App\Models\Products\ProductsModel->getProductListServerSide()
 7 SYSTEMPATH/CodeIgniter.php(951): App\Controllers\ProductController->getProductList()
 8 SYSTEMPATH/CodeIgniter.php(497): CodeIgniter\CodeIgniter->runController()
 9 SYSTEMPATH/CodeIgniter.php(340): CodeIgniter\CodeIgniter->handleRequest()
10 SYSTEMPATH/Boot.php(417): CodeIgniter\CodeIgniter->run()
11 SYSTEMPATH/Boot.php(68): CodeIgniter\Boot::runCodeIgniter()
12 FCPATH/index.php(59): CodeIgniter\Boot::bootWeb()
WARNING - 2026-03-20 23:54:06 --> [DEPRECATED] Creation of dynamic property App\Controllers\ProductController::$productsModel is deprecated in APPPATH/Controllers/ProductController.php on line 11.
 1 SYSTEMPATH/CodeIgniter.php(921): App\Controllers\ProductController->__construct()
 2 SYSTEMPATH/CodeIgniter.php(488): CodeIgniter\CodeIgniter->createController()
 3 SYSTEMPATH/CodeIgniter.php(340): CodeIgniter\CodeIgniter->handleRequest(null, Object(Config\Cache), false)
 4 SYSTEMPATH/Boot.php(417): CodeIgniter\CodeIgniter->run()
 5 SYSTEMPATH/Boot.php(68): CodeIgniter\Boot::runCodeIgniter(Object(CodeIgniter\CodeIgniter))
 6 FCPATH/index.php(59): CodeIgniter\Boot::bootWeb(Object(Config\Paths))
WARNING - 2026-03-20 23:54:07 --> [DEPRECATED] Creation of dynamic property App\Controllers\ProductController::$productsModel is deprecated in APPPATH/Controllers/ProductController.php on line 11.
 1 SYSTEMPATH/CodeIgniter.php(921): App\Controllers\ProductController->__construct()
 2 SYSTEMPATH/CodeIgniter.php(488): CodeIgniter\CodeIgniter->createController()
 3 SYSTEMPATH/CodeIgniter.php(340): CodeIgniter\CodeIgniter->handleRequest(null, Object(Config\Cache), false)
 4 SYSTEMPATH/Boot.php(417): CodeIgniter\CodeIgniter->run()
 5 SYSTEMPATH/Boot.php(68): CodeIgniter\Boot::runCodeIgniter(Object(CodeIgniter\CodeIgniter))
 6 FCPATH/index.php(59): CodeIgniter\Boot::bootWeb(Object(Config\Paths))
ERROR - 2026-03-20 23:54:07 --> Table 'db.jadelyn_pharmacy_product_list' doesn't exist
in SYSTEMPATH/Database/MySQLi/Connection.php on line 300.
 1 SYSTEMPATH/Database/MySQLi/Connection.php(300): mysqli->query()
 2 SYSTEMPATH/Database/BaseConnection.php(769): CodeIgniter\Database\MySQLi\Connection->execute()
 3 SYSTEMPATH/Database/BaseConnection.php(686): CodeIgniter\Database\BaseConnection->simpleQuery()
 4 SYSTEMPATH/Database/BaseBuilder.php(1649): CodeIgniter\Database\BaseConnection->query()
 5 APPPATH/Models/Products/ProductsModel.php(42): CodeIgniter\Database\BaseBuilder->get()
 6 APPPATH/Controllers/ProductController.php(28): App\Models\Products\ProductsModel->getProductListServerSide()
 7 SYSTEMPATH/CodeIgniter.php(951): App\Controllers\ProductController->getProductList()
 8 SYSTEMPATH/CodeIgniter.php(497): CodeIgniter\CodeIgniter->runController()
 9 SYSTEMPATH/CodeIgniter.php(340): CodeIgniter\CodeIgniter->handleRequest()
10 SYSTEMPATH/Boot.php(417): CodeIgniter\CodeIgniter->run()
11 SYSTEMPATH/Boot.php(68): CodeIgniter\Boot::runCodeIgniter()
12 FCPATH/index.php(59): CodeIgniter\Boot::bootWeb()
CRITICAL - 2026-03-20 23:54:07 --> CodeIgniter\Database\Exceptions\DatabaseException: Table 'db.jadelyn_pharmacy_product_list' doesn't exist
[Method: POST, Route: products/get-product-list]
in SYSTEMPATH/Database/BaseConnection.php on line 724.
 1 SYSTEMPATH/Database/BaseBuilder.php(1649): CodeIgniter\Database\BaseConnection->query()
 2 APPPATH/Models/Products/ProductsModel.php(42): CodeIgniter\Database\BaseBuilder->get()
 3 APPPATH/Controllers/ProductController.php(28): App\Models\Products\ProductsModel->getProductListServerSide()
 4 SYSTEMPATH/CodeIgniter.php(951): App\Controllers\ProductController->getProductList()
 5 SYSTEMPATH/CodeIgniter.php(497): CodeIgniter\CodeIgniter->runController()
 6 SYSTEMPATH/CodeIgniter.php(340): CodeIgniter\CodeIgniter->handleRequest()
 7 SYSTEMPATH/Boot.php(417): CodeIgniter\CodeIgniter->run()
 8 SYSTEMPATH/Boot.php(68): CodeIgniter\Boot::runCodeIgniter()
 9 FCPATH/index.php(59): CodeIgniter\Boot::bootWeb()
CRITICAL - 2026-03-20 23:54:07 --> [Caused by] CodeIgniter\Database\Exceptions\DatabaseException: Table 'db.jadelyn_pharmacy_product_list' doesn't exist
in SYSTEMPATH/Database/MySQLi/Connection.php on line 310.
 1 SYSTEMPATH/Database/BaseConnection.php(769): CodeIgniter\Database\MySQLi\Connection->execute()
 2 SYSTEMPATH/Database/BaseConnection.php(686): CodeIgniter\Database\BaseConnection->simpleQuery()
 3 SYSTEMPATH/Database/BaseBuilder.php(1649): CodeIgniter\Database\BaseConnection->query()
 4 APPPATH/Models/Products/ProductsModel.php(42): CodeIgniter\Database\BaseBuilder->get()
 5 APPPATH/Controllers/ProductController.php(28): App\Models\Products\ProductsModel->getProductListServerSide()
 6 SYSTEMPATH/CodeIgniter.php(951): App\Controllers\ProductController->getProductList()
 7 SYSTEMPATH/CodeIgniter.php(497): CodeIgniter\CodeIgniter->runController()
 8 SYSTEMPATH/CodeIgniter.php(340): CodeIgniter\CodeIgniter->handleRequest()
 9 SYSTEMPATH/Boot.php(417): CodeIgniter\CodeIgniter->run()
10 SYSTEMPATH/Boot.php(68): CodeIgniter\Boot::runCodeIgniter()
11 FCPATH/index.php(59): CodeIgniter\Boot::bootWeb()
CRITICAL - 2026-03-20 23:54:07 --> [Caused by] mysqli_sql_exception: Table 'db.jadelyn_pharmacy_product_list' doesn't exist
in SYSTEMPATH/Database/MySQLi/Connection.php on line 300.
 1 SYSTEMPATH/Database/MySQLi/Connection.php(300): mysqli->query()
 2 SYSTEMPATH/Database/BaseConnection.php(769): CodeIgniter\Database\MySQLi\Connection->execute()
 3 SYSTEMPATH/Database/BaseConnection.php(686): CodeIgniter\Database\BaseConnection->simpleQuery()
 4 SYSTEMPATH/Database/BaseBuilder.php(1649): CodeIgniter\Database\BaseConnection->query()
 5 APPPATH/Models/Products/ProductsModel.php(42): CodeIgniter\Database\BaseBuilder->get()
 6 APPPATH/Controllers/ProductController.php(28): App\Models\Products\ProductsModel->getProductListServerSide()
 7 SYSTEMPATH/CodeIgniter.php(951): App\Controllers\ProductController->getProductList()
 8 SYSTEMPATH/CodeIgniter.php(497): CodeIgniter\CodeIgniter->runController()
 9 SYSTEMPATH/CodeIgniter.php(340): CodeIgniter\CodeIgniter->handleRequest()
10 SYSTEMPATH/Boot.php(417): CodeIgniter\CodeIgniter->run()
11 SYSTEMPATH/Boot.php(68): CodeIgniter\Boot::runCodeIgniter()
12 FCPATH/index.php(59): CodeIgniter\Boot::bootWeb()
